Archive member included because of file (symbol)

Z:\SolderSplash\Software\example1\CMSISv2p00_LPC11Uxx\Debug\libCMSISv2p00_LPC11Uxx.a(system_LPC11Uxx.o)
                              ./src/cr_startup_lpc11u.o (SystemInit)
c:/nxp/lpcxpresso_5.1.2_2065/lpcxpresso/tools/bin/../lib/gcc/arm-none-eabi/4.6.2/../../../../arm-none-eabi/lib/armv6-m\libcr_nohost.a(_cr__main.o)
                              ./src/cr_startup_lpc11u.o (__main)
c:/nxp/lpcxpresso_5.1.2_2065/lpcxpresso/tools/bin/../lib/gcc/arm-none-eabi/4.6.2/../../../../arm-none-eabi/lib/armv6-m\libcr_c.a(initio.o)
                              c:/nxp/lpcxpresso_5.1.2_2065/lpcxpresso/tools/bin/../lib/gcc/arm-none-eabi/4.6.2/../../../../arm-none-eabi/lib/armv6-m\libcr_nohost.a(_cr__main.o) (_initio)
c:/nxp/lpcxpresso_5.1.2_2065/lpcxpresso/tools/bin/../lib/gcc/arm-none-eabi/4.6.2/../../../../arm-none-eabi/lib/armv6-m\libcr_c.a(setvbuf.o)
                              c:/nxp/lpcxpresso_5.1.2_2065/lpcxpresso/tools/bin/../lib/gcc/arm-none-eabi/4.6.2/../../../../arm-none-eabi/lib/armv6-m\libcr_c.a(initio.o) (setvbuf)
c:/nxp/lpcxpresso_5.1.2_2065/lpcxpresso/tools/bin/../lib/gcc/arm-none-eabi/4.6.2/../../../../arm-none-eabi/lib/armv6-m\libcr_c.a(stdio.o)
                              c:/nxp/lpcxpresso_5.1.2_2065/lpcxpresso/tools/bin/../lib/gcc/arm-none-eabi/4.6.2/../../../../arm-none-eabi/lib/armv6-m\libcr_c.a(initio.o) (__Ciob)
c:/nxp/lpcxpresso_5.1.2_2065/lpcxpresso/tools/bin/../lib/gcc/arm-none-eabi/4.6.2/../../../../arm-none-eabi/lib/armv6-m\libcr_c.a(memset.o)
                              c:/nxp/lpcxpresso_5.1.2_2065/lpcxpresso/tools/bin/../lib/gcc/arm-none-eabi/4.6.2/../../../../arm-none-eabi/lib/armv6-m\libcr_c.a(initio.o) (memset)
c:/nxp/lpcxpresso_5.1.2_2065/lpcxpresso/tools/bin/../lib/gcc/arm-none-eabi/4.6.2/../../../../arm-none-eabi/lib/armv6-m\libcr_c.a(__fillbuf.o)
                              c:/nxp/lpcxpresso_5.1.2_2065/lpcxpresso/tools/bin/../lib/gcc/arm-none-eabi/4.6.2/../../../../arm-none-eabi/lib/armv6-m\libcr_c.a(stdio.o) (__filbuf)
c:/nxp/lpcxpresso_5.1.2_2065/lpcxpresso/tools/bin/../lib/gcc/arm-none-eabi/4.6.2/../../../../arm-none-eabi/lib/armv6-m\libcr_c.a(_deferredlazyseek.o)
                              c:/nxp/lpcxpresso_5.1.2_2065/lpcxpresso/tools/bin/../lib/gcc/arm-none-eabi/4.6.2/../../../../arm-none-eabi/lib/armv6-m\libcr_c.a(__fillbuf.o) (_deferredlazyseek)
c:/nxp/lpcxpresso_5.1.2_2065/lpcxpresso/tools/bin/../lib/gcc/arm-none-eabi/4.6.2/../../../../arm-none-eabi/lib/armv6-m\libcr_c.a(_fdopen.o)
                              c:/nxp/lpcxpresso_5.1.2_2065/lpcxpresso/tools/bin/../lib/gcc/arm-none-eabi/4.6.2/../../../../arm-none-eabi/lib/armv6-m\libcr_c.a(initio.o) (_fdopen)
c:/nxp/lpcxpresso_5.1.2_2065/lpcxpresso/tools/bin/../lib/gcc/arm-none-eabi/4.6.2/../../../../arm-none-eabi/lib/armv6-m\libcr_c.a(_fflush.o)
                              c:/nxp/lpcxpresso_5.1.2_2065/lpcxpresso/tools/bin/../lib/gcc/arm-none-eabi/4.6.2/../../../../arm-none-eabi/lib/armv6-m\libcr_c.a(__fillbuf.o) (_fflush)
c:/nxp/lpcxpresso_5.1.2_2065/lpcxpresso/tools/bin/../lib/gcc/arm-none-eabi/4.6.2/../../../../arm-none-eabi/lib/armv6-m\libcr_c.a(_writebuf.o)
                              c:/nxp/lpcxpresso_5.1.2_2065/lpcxpresso/tools/bin/../lib/gcc/arm-none-eabi/4.6.2/../../../../arm-none-eabi/lib/armv6-m\libcr_c.a(_deferredlazyseek.o) (_Cwritebuf)
c:/nxp/lpcxpresso_5.1.2_2065/lpcxpresso/tools/bin/../lib/gcc/arm-none-eabi/4.6.2/../../../../arm-none-eabi/lib/armv6-m\libcr_c.a(alloc.o)
                              c:/nxp/lpcxpresso_5.1.2_2065/lpcxpresso/tools/bin/../lib/gcc/arm-none-eabi/4.6.2/../../../../arm-none-eabi/lib/armv6-m\libcr_c.a(initio.o) (_Csys_alloc)
c:/nxp/lpcxpresso_5.1.2_2065/lpcxpresso/tools/bin/../lib/gcc/arm-none-eabi/4.6.2/../../../../arm-none-eabi/lib/armv6-m\libcr_c.a(fclose.o)
                              c:/nxp/lpcxpresso_5.1.2_2065/lpcxpresso/tools/bin/../lib/gcc/arm-none-eabi/4.6.2/../../../../arm-none-eabi/lib/armv6-m\libcr_c.a(initio.o) (fclose)
c:/nxp/lpcxpresso_5.1.2_2065/lpcxpresso/tools/bin/../lib/gcc/arm-none-eabi/4.6.2/../../../../arm-none-eabi/lib/armv6-m\libcr_c.a(fflush.o)
                              c:/nxp/lpcxpresso_5.1.2_2065/lpcxpresso/tools/bin/../lib/gcc/arm-none-eabi/4.6.2/../../../../arm-none-eabi/lib/armv6-m\libcr_c.a(fclose.o) (fflush)
c:/nxp/lpcxpresso_5.1.2_2065/lpcxpresso/tools/bin/../lib/gcc/arm-none-eabi/4.6.2/../../../../arm-none-eabi/lib/armv6-m\libcr_c.a(fseek.o)
                              c:/nxp/lpcxpresso_5.1.2_2065/lpcxpresso/tools/bin/../lib/gcc/arm-none-eabi/4.6.2/../../../../arm-none-eabi/lib/armv6-m\libcr_c.a(_deferredlazyseek.o) (fseek)
c:/nxp/lpcxpresso_5.1.2_2065/lpcxpresso/tools/bin/../lib/gcc/arm-none-eabi/4.6.2/../../../../arm-none-eabi/lib/armv6-m\libcr_c.a(ftell.o)
                              c:/nxp/lpcxpresso_5.1.2_2065/lpcxpresso/tools/bin/../lib/gcc/arm-none-eabi/4.6.2/../../../../arm-none-eabi/lib/armv6-m\libcr_c.a(fseek.o) (ftell)
c:/nxp/lpcxpresso_5.1.2_2065/lpcxpresso/tools/bin/../lib/gcc/arm-none-eabi/4.6.2/../../../../arm-none-eabi/lib/armv6-m\libcr_c.a(remove.o)
                              c:/nxp/lpcxpresso_5.1.2_2065/lpcxpresso/tools/bin/../lib/gcc/arm-none-eabi/4.6.2/../../../../arm-none-eabi/lib/armv6-m\libcr_c.a(fclose.o) (remove)
c:/nxp/lpcxpresso_5.1.2_2065/lpcxpresso/tools/bin/../lib/gcc/arm-none-eabi/4.6.2/../../../../arm-none-eabi/lib/armv6-m\libcr_c.a(strlen.o)
                              c:/nxp/lpcxpresso_5.1.2_2065/lpcxpresso/tools/bin/../lib/gcc/arm-none-eabi/4.6.2/../../../../arm-none-eabi/lib/armv6-m\libcr_c.a(remove.o) (strlen)
c:/nxp/lpcxpresso_5.1.2_2065/lpcxpresso/tools/bin/../lib/gcc/arm-none-eabi/4.6.2/../../../../arm-none-eabi/lib/armv6-m\libcr_c.a(memcpy.o)
                              c:/nxp/lpcxpresso_5.1.2_2065/lpcxpresso/tools/bin/../lib/gcc/arm-none-eabi/4.6.2/../../../../arm-none-eabi/lib/armv6-m\libcr_c.a(alloc.o) (memcpy)
c:/nxp/lpcxpresso_5.1.2_2065/lpcxpresso/tools/bin/../lib/gcc/arm-none-eabi/4.6.2/../../../../arm-none-eabi/lib/armv6-m\libcr_c.a(__init_alloc.o)
                              c:/nxp/lpcxpresso_5.1.2_2065/lpcxpresso/tools/bin/../lib/gcc/arm-none-eabi/4.6.2/../../../../arm-none-eabi/lib/armv6-m\libcr_c.a(alloc.o) (__heaps)
c:/nxp/lpcxpresso_5.1.2_2065/lpcxpresso/tools/bin/../lib/gcc/arm-none-eabi/4.6.2/../../../../arm-none-eabi/lib/armv6-m\libcr_c.a(_do_fflush.o)
                              c:/nxp/lpcxpresso_5.1.2_2065/lpcxpresso/tools/bin/../lib/gcc/arm-none-eabi/4.6.2/../../../../arm-none-eabi/lib/armv6-m\libcr_c.a(fflush.o) (_do_fflush)
c:/nxp/lpcxpresso_5.1.2_2065/lpcxpresso/tools/bin/../lib/gcc/arm-none-eabi/4.6.2/../../../../arm-none-eabi/lib/armv6-m\libcr_c.a(errno.o)
                              c:/nxp/lpcxpresso_5.1.2_2065/lpcxpresso/tools/bin/../lib/gcc/arm-none-eabi/4.6.2/../../../../arm-none-eabi/lib/armv6-m\libcr_c.a(ftell.o) (errno)
c:/nxp/lpcxpresso_5.1.2_2065/lpcxpresso/tools/bin/../lib/gcc/arm-none-eabi/4.6.2/armv6-m\libcr_eabihelpers.a(division.o)
                              ./src/main.o (__aeabi_uidiv)
c:/nxp/lpcxpresso_5.1.2_2065/lpcxpresso/tools/bin/../lib/gcc/arm-none-eabi/4.6.2/armv6-m\libcr_eabihelpers.a(memcpy.o)
                              c:/nxp/lpcxpresso_5.1.2_2065/lpcxpresso/tools/bin/../lib/gcc/arm-none-eabi/4.6.2/../../../../arm-none-eabi/lib/armv6-m\libcr_c.a(memcpy.o) (__aeabi_memcpy)
c:/nxp/lpcxpresso_5.1.2_2065/lpcxpresso/tools/bin/../lib/gcc/arm-none-eabi/4.6.2/../../../../arm-none-eabi/lib/armv6-m\libcr_nohost.a(__sys_appexit.o)
                              c:/nxp/lpcxpresso_5.1.2_2065/lpcxpresso/tools/bin/../lib/gcc/arm-none-eabi/4.6.2/../../../../arm-none-eabi/lib/armv6-m\libcr_c.a(alloc.o) (__sys_appexit)
c:/nxp/lpcxpresso_5.1.2_2065/lpcxpresso/tools/bin/../lib/gcc/arm-none-eabi/4.6.2/../../../../arm-none-eabi/lib/armv6-m\libcr_nohost.a(__sys_close.o)
                              c:/nxp/lpcxpresso_5.1.2_2065/lpcxpresso/tools/bin/../lib/gcc/arm-none-eabi/4.6.2/../../../../arm-none-eabi/lib/armv6-m\libcr_c.a(fclose.o) (__sys_close)
c:/nxp/lpcxpresso_5.1.2_2065/lpcxpresso/tools/bin/../lib/gcc/arm-none-eabi/4.6.2/../../../../arm-none-eabi/lib/armv6-m\libcr_nohost.a(__sys_flen.o)
                              c:/nxp/lpcxpresso_5.1.2_2065/lpcxpresso/tools/bin/../lib/gcc/arm-none-eabi/4.6.2/../../../../arm-none-eabi/lib/armv6-m\libcr_c.a(_writebuf.o) (__sys_flen)
c:/nxp/lpcxpresso_5.1.2_2065/lpcxpresso/tools/bin/../lib/gcc/arm-none-eabi/4.6.2/../../../../arm-none-eabi/lib/armv6-m\libcr_nohost.a(__sys_istty.o)
                              c:/nxp/lpcxpresso_5.1.2_2065/lpcxpresso/tools/bin/../lib/gcc/arm-none-eabi/4.6.2/../../../../arm-none-eabi/lib/armv6-m\libcr_c.a(_deferredlazyseek.o) (__sys_istty)
c:/nxp/lpcxpresso_5.1.2_2065/lpcxpresso/tools/bin/../lib/gcc/arm-none-eabi/4.6.2/../../../../arm-none-eabi/lib/armv6-m\libcr_nohost.a(__sys_read.o)
                              c:/nxp/lpcxpresso_5.1.2_2065/lpcxpresso/tools/bin/../lib/gcc/arm-none-eabi/4.6.2/../../../../arm-none-eabi/lib/armv6-m\libcr_c.a(__fillbuf.o) (__sys_read)
c:/nxp/lpcxpresso_5.1.2_2065/lpcxpresso/tools/bin/../lib/gcc/arm-none-eabi/4.6.2/../../../../arm-none-eabi/lib/armv6-m\libcr_nohost.a(__sys_readc.o)
                              c:/nxp/lpcxpresso_5.1.2_2065/lpcxpresso/tools/bin/../lib/gcc/arm-none-eabi/4.6.2/../../../../arm-none-eabi/lib/armv6-m\libcr_c.a(__fillbuf.o) (__sys_readc)
c:/nxp/lpcxpresso_5.1.2_2065/lpcxpresso/tools/bin/../lib/gcc/arm-none-eabi/4.6.2/../../../../arm-none-eabi/lib/armv6-m\libcr_nohost.a(__sys_remove.o)
                              c:/nxp/lpcxpresso_5.1.2_2065/lpcxpresso/tools/bin/../lib/gcc/arm-none-eabi/4.6.2/../../../../arm-none-eabi/lib/armv6-m\libcr_c.a(remove.o) (__sys_remove)
c:/nxp/lpcxpresso_5.1.2_2065/lpcxpresso/tools/bin/../lib/gcc/arm-none-eabi/4.6.2/../../../../arm-none-eabi/lib/armv6-m\libcr_nohost.a(__sys_rename.o)
                              c:/nxp/lpcxpresso_5.1.2_2065/lpcxpresso/tools/bin/../lib/gcc/arm-none-eabi/4.6.2/../../../../arm-none-eabi/lib/armv6-m\libcr_c.a(remove.o) (__sys_rename)
c:/nxp/lpcxpresso_5.1.2_2065/lpcxpresso/tools/bin/../lib/gcc/arm-none-eabi/4.6.2/../../../../arm-none-eabi/lib/armv6-m\libcr_nohost.a(__sys_seek.o)
                              c:/nxp/lpcxpresso_5.1.2_2065/lpcxpresso/tools/bin/../lib/gcc/arm-none-eabi/4.6.2/../../../../arm-none-eabi/lib/armv6-m\libcr_c.a(__fillbuf.o) (__sys_seek)
c:/nxp/lpcxpresso_5.1.2_2065/lpcxpresso/tools/bin/../lib/gcc/arm-none-eabi/4.6.2/../../../../arm-none-eabi/lib/armv6-m\libcr_nohost.a(__sys_tmpnam.o)
                              c:/nxp/lpcxpresso_5.1.2_2065/lpcxpresso/tools/bin/../lib/gcc/arm-none-eabi/4.6.2/../../../../arm-none-eabi/lib/armv6-m\libcr_c.a(fclose.o) (__sys_tmpnam)
c:/nxp/lpcxpresso_5.1.2_2065/lpcxpresso/tools/bin/../lib/gcc/arm-none-eabi/4.6.2/../../../../arm-none-eabi/lib/armv6-m\libcr_nohost.a(__sys_write.o)
                              c:/nxp/lpcxpresso_5.1.2_2065/lpcxpresso/tools/bin/../lib/gcc/arm-none-eabi/4.6.2/../../../../arm-none-eabi/lib/armv6-m\libcr_c.a(_writebuf.o) (__sys_write)
c:/nxp/lpcxpresso_5.1.2_2065/lpcxpresso/tools/bin/../lib/gcc/arm-none-eabi/4.6.2/../../../../arm-none-eabi/lib/armv6-m\libcr_nohost.a(_cr_sbrk.o)
                              c:/nxp/lpcxpresso_5.1.2_2065/lpcxpresso/tools/bin/../lib/gcc/arm-none-eabi/4.6.2/../../../../arm-none-eabi/lib/armv6-m\libcr_c.a(alloc.o) (_sbrk)
c:/nxp/lpcxpresso_5.1.2_2065/lpcxpresso/tools/bin/../lib/gcc/arm-none-eabi/4.6.2/../../../../arm-none-eabi/lib/armv6-m\libcr_nohost.a(_cr_check_heap.o)
                              c:/nxp/lpcxpresso_5.1.2_2065/lpcxpresso/tools/bin/../lib/gcc/arm-none-eabi/4.6.2/../../../../arm-none-eabi/lib/armv6-m\libcr_nohost.a(_cr_sbrk.o) (__check_heap_overflow)

Allocating common symbols
Common symbol       size              file

_extra              0x4               c:/nxp/lpcxpresso_5.1.2_2065/lpcxpresso/tools/bin/../lib/gcc/arm-none-eabi/4.6.2/../../../../arm-none-eabi/lib/armv6-m\libcr_c.a(initio.o)
ButtonsPressed      0x1               ./src/ButtonCon.o
ButtonsPrevState    0x1               ./src/ButtonCon.o
__heaps             0x4               c:/nxp/lpcxpresso_5.1.2_2065/lpcxpresso/tools/bin/../lib/gcc/arm-none-eabi/4.6.2/../../../../arm-none-eabi/lib/armv6-m\libcr_c.a(__init_alloc.o)
__end_of_heap       0x4               c:/nxp/lpcxpresso_5.1.2_2065/lpcxpresso/tools/bin/../lib/gcc/arm-none-eabi/4.6.2/../../../../arm-none-eabi/lib/armv6-m\libcr_c.a(__init_alloc.o)
ButtonsHeld         0x1               ./src/ButtonCon.o
__Ciob              0x140             c:/nxp/lpcxpresso_5.1.2_2065/lpcxpresso/tools/bin/../lib/gcc/arm-none-eabi/4.6.2/../../../../arm-none-eabi/lib/armv6-m\libcr_c.a(stdio.o)

Discarded input sections

 .text          0x00000000        0x0 ./src/ButtonCon.o
 .data          0x00000000        0x0 ./src/ButtonCon.o
 .bss           0x00000000        0x0 ./src/ButtonCon.o
 .text.Buttons_ActionPressed
                0x00000000       0x14 ./src/ButtonCon.o
 .text.Buttons_GetPressed
                0x00000000       0x1c ./src/ButtonCon.o
 .text.Buttons_GetHeld
                0x00000000       0x1c ./src/ButtonCon.o
 .text          0x00000000        0x0 ./src/PwmControl.o
 .data          0x00000000        0x0 ./src/PwmControl.o
 .bss           0x00000000        0x0 ./src/PwmControl.o
 .text          0x00000000        0x0 ./src/SolderSplashLpc.o
 .data          0x00000000        0x0 ./src/SolderSplashLpc.o
 .bss           0x00000000        0x0 ./src/SolderSplashLpc.o
 .text          0x00000000        0x0 ./src/cr_startup_lpc11u.o
 .data          0x00000000        0x0 ./src/cr_startup_lpc11u.o
 .bss           0x00000000        0x0 ./src/cr_startup_lpc11u.o
 .text          0x00000000        0x0 ./src/main.o
 .data          0x00000000        0x0 ./src/main.o
 .bss           0x00000000        0x0 ./src/main.o
 .text          0x00000000        0x0 Z:\SolderSplash\Software\example1\CMSISv2p00_LPC11Uxx\Debug\libCMSISv2p00_LPC11Uxx.a(system_LPC11Uxx.o)
 .data          0x00000000        0x0 Z:\SolderSplash\Software\example1\CMSISv2p00_LPC11Uxx\Debug\libCMSISv2p00_LPC11Uxx.a(system_LPC11Uxx.o)
 .bss           0x00000000        0x0 Z:\SolderSplash\Software\example1\CMSISv2p00_LPC11Uxx\Debug\libCMSISv2p00_LPC11Uxx.a(system_LPC11Uxx.o)
 .text.SystemCoreClockUpdate
                0x00000000       0x9c Z:\SolderSplash\Software\example1\CMSISv2p00_LPC11Uxx\Debug\libCMSISv2p00_LPC11Uxx.a(system_LPC11Uxx.o)
 .rodata.CSWTCH.8
                0x00000000       0x3c Z:\SolderSplash\Software\example1\CMSISv2p00_LPC11Uxx\Debug\libCMSISv2p00_LPC11Uxx.a(system_LPC11Uxx.o)
 .text          0x00000000        0x0 c:/nxp/lpcxpresso_5.1.2_2065/lpcxpresso/tools/bin/../lib/gcc/arm-none-eabi/4.6.2/../../../../arm-none-eabi/lib/armv6-m\libcr_nohost.a(_cr__main.o)
 .data          0x00000000        0x0 c:/nxp/lpcxpresso_5.1.2_2065/lpcxpresso/tools/bin/../lib/gcc/arm-none-eabi/4.6.2/../../../../arm-none-eabi/lib/armv6-m\libcr_nohost.a(_cr__main.o)
 .bss           0x00000000        0x0 c:/nxp/lpcxpresso_5.1.2_2065/lpcxpresso/tools/bin/../lib/gcc/arm-none-eabi/4.6.2/../../../../arm-none-eabi/lib/armv6-m\libcr_nohost.a(_cr__main.o)
 .text          0x00000000        0x0 c:/nxp/lpcxpresso_5.1.2_2065/lpcxpresso/tools/bin/../lib/gcc/arm-none-eabi/4.6.2/../../../../arm-none-eabi/lib/armv6-m\libcr_c.a(initio.o)
 .data          0x00000000        0x0 c:/nxp/lpcxpresso_5.1.2_2065/lpcxpresso/tools/bin/../lib/gcc/arm-none-eabi/4.6.2/../../../../arm-none-eabi/lib/armv6-m\libcr_c.a(initio.o)
 .bss           0x00000000        0x0 c:/nxp/lpcxpresso_5.1.2_2065/lpcxpresso/tools/bin/../lib/gcc/arm-none-eabi/4.6.2/../../../../arm-none-eabi/lib/armv6-m\libcr_c.a(initio.o)
 .text._terminateio
                0x00000000       0x3c c:/nxp/lpcxpresso_5.1.2_2065/lpcxpresso/tools/bin/../lib/gcc/arm-none-eabi/4.6.2/../../../../arm-none-eabi/lib/armv6-m\libcr_c.a(initio.o)
 .text          0x00000000        0x0 c:/nxp/lpcxpresso_5.1.2_2065/lpcxpresso/tools/bin/../lib/gcc/arm-none-eabi/4.6.2/../../../../arm-none-eabi/lib/armv6-m\libcr_c.a(setvbuf.o)
 .data          0x00000000        0x0 c:/nxp/lpcxpresso_5.1.2_2065/lpcxpresso/tools/bin/../lib/gcc/arm-none-eabi/4.6.2/../../../../arm-none-eabi/lib/armv6-m\libcr_c.a(setvbuf.o)
 .bss           0x00000000        0x0 c:/nxp/lpcxpresso_5.1.2_2065/lpcxpresso/tools/bin/../lib/gcc/arm-none-eabi/4.6.2/../../../../arm-none-eabi/lib/armv6-m\libcr_c.a(setvbuf.o)
 .text          0x00000000        0x0 c:/nxp/lpcxpresso_5.1.2_2065/lpcxpresso/tools/bin/../lib/gcc/arm-none-eabi/4.6.2/../../../../arm-none-eabi/lib/armv6-m\libcr_c.a(stdio.o)
 .data          0x00000000        0x0 c:/nxp/lpcxpresso_5.1.2_2065/lpcxpresso/tools/bin/../lib/gcc/arm-none-eabi/4.6.2/../../../../arm-none-eabi/lib/armv6-m\libcr_c.a(stdio.o)
 .bss           0x00000000        0x0 c:/nxp/lpcxpresso_5.1.2_2065/lpcxpresso/tools/bin/../lib/gcc/arm-none-eabi/4.6.2/../../../../arm-none-eabi/lib/armv6-m\libcr_c.a(stdio.o)
 .text.fgetc    0x00000000       0x1e c:/nxp/lpcxpresso_5.1.2_2065/lpcxpresso/tools/bin/../lib/gcc/arm-none-eabi/4.6.2/../../../../arm-none-eabi/lib/armv6-m\libcr_c.a(stdio.o)
 .text.fputc    0x00000000       0x1e c:/nxp/lpcxpresso_5.1.2_2065/lpcxpresso/tools/bin/../lib/gcc/arm-none-eabi/4.6.2/../../../../arm-none-eabi/lib/armv6-m\libcr_c.a(stdio.o)
 .text.getc     0x00000000       0x1e c:/nxp/lpcxpresso_5.1.2_2065/lpcxpresso/tools/bin/../lib/gcc/arm-none-eabi/4.6.2/../../../../arm-none-eabi/lib/armv6-m\libcr_c.a(stdio.o)
 .text.getchar  0x00000000       0x24 c:/nxp/lpcxpresso_5.1.2_2065/lpcxpresso/tools/bin/../lib/gcc/arm-none-eabi/4.6.2/../../../../arm-none-eabi/lib/armv6-m\libcr_c.a(stdio.o)
 .text.putc     0x00000000       0x1e c:/nxp/lpcxpresso_5.1.2_2065/lpcxpresso/tools/bin/../lib/gcc/arm-none-eabi/4.6.2/../../../../arm-none-eabi/lib/armv6-m\libcr_c.a(stdio.o)
 .text.putchar  0x00000000       0x28 c:/nxp/lpcxpresso_5.1.2_2065/lpcxpresso/tools/bin/../lib/gcc/arm-none-eabi/4.6.2/../../../../arm-none-eabi/lib/armv6-m\libcr_c.a(stdio.o)
 .text.feof     0x00000000        0x8 c:/nxp/lpcxpresso_5.1.2_2065/lpcxpresso/tools/bin/../lib/gcc/arm-none-eabi/4.6.2/../../../../arm-none-eabi/lib/armv6-m\libcr_c.a(stdio.o)
 .text.ferror   0x00000000        0x8 c:/nxp/lpcxpresso_5.1.2_2065/lpcxpresso/tools/bin/../lib/gcc/arm-none-eabi/4.6.2/../../../../arm-none-eabi/lib/armv6-m\libcr_c.a(stdio.o)
 .text.clearerr
                0x00000000       0x10 c:/nxp/lpcxpresso_5.1.2_2065/lpcxpresso/tools/bin/../lib/gcc/arm-none-eabi/4.6.2/../../../../arm-none-eabi/lib/armv6-m\libcr_c.a(stdio.o)
 .text          0x00000000        0x0 c:/nxp/lpcxpresso_5.1.2_2065/lpcxpresso/tools/bin/../lib/gcc/arm-none-eabi/4.6.2/../../../../arm-none-eabi/lib/armv6-m\libcr_c.a(memset.o)
 .data          0x00000000        0x0 c:/nxp/lpcxpresso_5.1.2_2065/lpcxpresso/tools/bin/../lib/gcc/arm-none-eabi/4.6.2/../../../../arm-none-eabi/lib/armv6-m\libcr_c.a(memset.o)
 .bss           0x00000000        0x0 c:/nxp/lpcxpresso_5.1.2_2065/lpcxpresso/tools/bin/../lib/gcc/arm-none-eabi/4.6.2/../../../../arm-none-eabi/lib/armv6-m\libcr_c.a(memset.o)
 .text          0x00000000        0x0 c:/nxp/lpcxpresso_5.1.2_2065/lpcxpresso/tools/bin/../lib/gcc/arm-none-eabi/4.6.2/../../../../arm-none-eabi/lib/armv6-m\libcr_c.a(__fillbuf.o)
 .data          0x00000000        0x0 c:/nxp/lpcxpresso_5.1.2_2065/lpcxpresso/tools/bin/../lib/gcc/arm-none-eabi/4.6.2/../../../../arm-none-eabi/lib/armv6-m\libcr_c.a(__fillbuf.o)
 .bss           0x00000000        0x0 c:/nxp/lpcxpresso_5.1.2_2065/lpcxpresso/tools/bin/../lib/gcc/arm-none-eabi/4.6.2/../../../../arm-none-eabi/lib/armv6-m\libcr_c.a(__fillbuf.o)
 .text._Csys_read_
                0x00000000       0x22 c:/nxp/lpcxpresso_5.1.2_2065/lpcxpresso/tools/bin/../lib/gcc/arm-none-eabi/4.6.2/../../../../arm-none-eabi/lib/armv6-m\libcr_c.a(__fillbuf.o)
 .text.__filbuf
                0x00000000      0x184 c:/nxp/lpcxpresso_5.1.2_2065/lpcxpresso/tools/bin/../lib/gcc/arm-none-eabi/4.6.2/../../../../arm-none-eabi/lib/armv6-m\libcr_c.a(__fillbuf.o)
 .text._fillb2  0x00000000       0x1c c:/nxp/lpcxpresso_5.1.2_2065/lpcxpresso/tools/bin/../lib/gcc/arm-none-eabi/4.6.2/../../../../arm-none-eabi/lib/armv6-m\libcr_c.a(__fillbuf.o)
 .text          0x00000000        0x0 c:/nxp/lpcxpresso_5.1.2_2065/lpcxpresso/tools/bin/../lib/gcc/arm-none-eabi/4.6.2/../../../../arm-none-eabi/lib/armv6-m\libcr_c.a(_deferredlazyseek.o)
 .data          0x00000000        0x0 c:/nxp/lpcxpresso_5.1.2_2065/lpcxpresso/tools/bin/../lib/gcc/arm-none-eabi/4.6.2/../../../../arm-none-eabi/lib/armv6-m\libcr_c.a(_deferredlazyseek.o)
 .bss           0x00000000        0x0 c:/nxp/lpcxpresso_5.1.2_2065/lpcxpresso/tools/bin/../lib/gcc/arm-none-eabi/4.6.2/../../../../arm-none-eabi/lib/armv6-m\libcr_c.a(_deferredlazyseek.o)
 .text.__flsbuf
                0x00000000      0x154 c:/nxp/lpcxpresso_5.1.2_2065/lpcxpresso/tools/bin/../lib/gcc/arm-none-eabi/4.6.2/../../../../arm-none-eabi/lib/armv6-m\libcr_c.a(_deferredlazyseek.o)
 .text          0x00000000        0x0 c:/nxp/lpcxpresso_5.1.2_2065/lpcxpresso/tools/bin/../lib/gcc/arm-none-eabi/4.6.2/../../../../arm-none-eabi/lib/armv6-m\libcr_c.a(_fdopen.o)
 .data          0x00000000        0x0 c:/nxp/lpcxpresso_5.1.2_2065/lpcxpresso/tools/bin/../lib/gcc/arm-none-eabi/4.6.2/../../../../arm-none-eabi/lib/armv6-m\libcr_c.a(_fdopen.o)
 .bss           0x00000000        0x0 c:/nxp/lpcxpresso_5.1.2_2065/lpcxpresso/tools/bin/../lib/gcc/arm-none-eabi/4.6.2/../../../../arm-none-eabi/lib/armv6-m\libcr_c.a(_fdopen.o)
 .text          0x00000000        0x0 c:/nxp/lpcxpresso_5.1.2_2065/lpcxpresso/tools/bin/../lib/gcc/arm-none-eabi/4.6.2/../../../../arm-none-eabi/lib/armv6-m\libcr_c.a(_fflush.o)
 .data          0x00000000        0x0 c:/nxp/lpcxpresso_5.1.2_2065/lpcxpresso/tools/bin/../lib/gcc/arm-none-eabi/4.6.2/../../../../arm-none-eabi/lib/armv6-m\libcr_c.a(_fflush.o)
 .bss           0x00000000        0x0 c:/nxp/lpcxpresso_5.1.2_2065/lpcxpresso/tools/bin/../lib/gcc/arm-none-eabi/4.6.2/../../../../arm-none-eabi/lib/armv6-m\libcr_c.a(_fflush.o)
 .text          0x00000000        0x0 c:/nxp/lpcxpresso_5.1.2_2065/lpcxpresso/tools/bin/../lib/gcc/arm-none-eabi/4.6.2/../../../../arm-none-eabi/lib/armv6-m\libcr_c.a(_writebuf.o)
 .data          0x00000000        0x0 c:/nxp/lpcxpresso_5.1.2_2065/lpcxpresso/tools/bin/../lib/gcc/arm-none-eabi/4.6.2/../../../../arm-none-eabi/lib/armv6-m\libcr_c.a(_writebuf.o)
 .bss           0x00000000        0x0 c:/nxp/lpcxpresso_5.1.2_2065/lpcxpresso/tools/bin/../lib/gcc/arm-none-eabi/4.6.2/../../../../arm-none-eabi/lib/armv6-m\libcr_c.a(_writebuf.o)
 .text          0x00000000        0x0 c:/nxp/lpcxpresso_5.1.2_2065/lpcxpresso/tools/bin/../lib/gcc/arm-none-eabi/4.6.2/../../../../arm-none-eabi/lib/armv6-m\libcr_c.a(alloc.o)
 .data          0x00000000        0x0 c:/nxp/lpcxpresso_5.1.2_2065/lpcxpresso/tools/bin/../lib/gcc/arm-none-eabi/4.6.2/../../../../arm-none-eabi/lib/armv6-m\libcr_c.a(alloc.o)
 .bss           0x00000000        0x0 c:/nxp/lpcxpresso_5.1.2_2065/lpcxpresso/tools/bin/../lib/gcc/arm-none-eabi/4.6.2/../../../../arm-none-eabi/lib/armv6-m\libcr_c.a(alloc.o)
 .text.calloc   0x00000000       0x52 c:/nxp/lpcxpresso_5.1.2_2065/lpcxpresso/tools/bin/../lib/gcc/arm-none-eabi/4.6.2/../../../../arm-none-eabi/lib/armv6-m\libcr_c.a(alloc.o)
 .text.realloc  0x00000000       0x1e c:/nxp/lpcxpresso_5.1.2_2065/lpcxpresso/tools/bin/../lib/gcc/arm-none-eabi/4.6.2/../../../../arm-none-eabi/lib/armv6-m\libcr_c.a(alloc.o)
 .text          0x00000000        0x0 c:/nxp/lpcxpresso_5.1.2_2065/lpcxpresso/tools/bin/../lib/gcc/arm-none-eabi/4.6.2/../../../../arm-none-eabi/lib/armv6-m\libcr_c.a(fclose.o)
 .data          0x00000000        0x0 c:/nxp/lpcxpresso_5.1.2_2065/lpcxpresso/tools/bin/../lib/gcc/arm-none-eabi/4.6.2/../../../../arm-none-eabi/lib/armv6-m\libcr_c.a(fclose.o)
 .bss           0x00000000        0x0 c:/nxp/lpcxpresso_5.1.2_2065/lpcxpresso/tools/bin/../lib/gcc/arm-none-eabi/4.6.2/../../../../arm-none-eabi/lib/armv6-m\libcr_c.a(fclose.o)
 .text          0x00000000        0x0 c:/nxp/lpcxpresso_5.1.2_2065/lpcxpresso/tools/bin/../lib/gcc/arm-none-eabi/4.6.2/../../../../arm-none-eabi/lib/armv6-m\libcr_c.a(fflush.o)
 .data          0x00000000        0x0 c:/nxp/lpcxpresso_5.1.2_2065/lpcxpresso/tools/bin/../lib/gcc/arm-none-eabi/4.6.2/../../../../arm-none-eabi/lib/armv6-m\libcr_c.a(fflush.o)
 .bss           0x00000000        0x0 c:/nxp/lpcxpresso_5.1.2_2065/lpcxpresso/tools/bin/../lib/gcc/arm-none-eabi/4.6.2/../../../../arm-none-eabi/lib/armv6-m\libcr_c.a(fflush.o)
 .text          0x00000000        0x0 c:/nxp/lpcxpresso_5.1.2_2065/lpcxpresso/tools/bin/../lib/gcc/arm-none-eabi/4.6.2/../../../../arm-none-eabi/lib/armv6-m\libcr_c.a(fseek.o)
 .data          0x00000000        0x0 c:/nxp/lpcxpresso_5.1.2_2065/lpcxpresso/tools/bin/../lib/gcc/arm-none-eabi/4.6.2/../../../../arm-none-eabi/lib/armv6-m\libcr_c.a(fseek.o)
 .bss           0x00000000        0x0 c:/nxp/lpcxpresso_5.1.2_2065/lpcxpresso/tools/bin/../lib/gcc/arm-none-eabi/4.6.2/../../../../arm-none-eabi/lib/armv6-m\libcr_c.a(fseek.o)
 .text          0x00000000        0x0 c:/nxp/lpcxpresso_5.1.2_2065/lpcxpresso/tools/bin/../lib/gcc/arm-none-eabi/4.6.2/../../../../arm-none-eabi/lib/armv6-m\libcr_c.a(ftell.o)
 .data          0x00000000        0x0 c:/nxp/lpcxpresso_5.1.2_2065/lpcxpresso/tools/bin/../lib/gcc/arm-none-eabi/4.6.2/../../../../arm-none-eabi/lib/armv6-m\libcr_c.a(ftell.o)
 .bss           0x00000000        0x0 c:/nxp/lpcxpresso_5.1.2_2065/lpcxpresso/tools/bin/../lib/gcc/arm-none-eabi/4.6.2/../../../../arm-none-eabi/lib/armv6-m\libcr_c.a(ftell.o)
 .text          0x00000000        0x0 c:/nxp/lpcxpresso_5.1.2_2065/lpcxpresso/tools/bin/../lib/gcc/arm-none-eabi/4.6.2/../../../../arm-none-eabi/lib/armv6-m\libcr_c.a(remove.o)
 .data          0x00000000        0x0 c:/nxp/lpcxpresso_5.1.2_2065/lpcxpresso/tools/bin/../lib/gcc/arm-none-eabi/4.6.2/../../../../arm-none-eabi/lib/armv6-m\libcr_c.a(remove.o)
 .bss           0x00000000        0x0 c:/nxp/lpcxpresso_5.1.2_2065/lpcxpresso/tools/bin/../lib/gcc/arm-none-eabi/4.6.2/../../../../arm-none-eabi/lib/armv6-m\libcr_c.a(remove.o)
 .text.rename   0x00000000       0x28 c:/nxp/lpcxpresso_5.1.2_2065/lpcxpresso/tools/bin/../lib/gcc/arm-none-eabi/4.6.2/../../../../arm-none-eabi/lib/armv6-m\libcr_c.a(remove.o)
 .text          0x00000000        0x0 c:/nxp/lpcxpresso_5.1.2_2065/lpcxpresso/tools/bin/../lib/gcc/arm-none-eabi/4.6.2/../../../../arm-none-eabi/lib/armv6-m\libcr_c.a(strlen.o)
 .data          0x00000000        0x0 c:/nxp/lpcxpresso_5.1.2_2065/lpcxpresso/tools/bin/../lib/gcc/arm-none-eabi/4.6.2/../../../../arm-none-eabi/lib/armv6-m\libcr_c.a(strlen.o)
 .bss           0x00000000        0x0 c:/nxp/lpcxpresso_5.1.2_2065/lpcxpresso/tools/bin/../lib/gcc/arm-none-eabi/4.6.2/../../../../arm-none-eabi/lib/armv6-m\libcr_c.a(strlen.o)
 .text          0x00000000        0x0 c:/nxp/lpcxpresso_5.1.2_2065/lpcxpresso/tools/bin/../lib/gcc/arm-none-eabi/4.6.2/../../../../arm-none-eabi/lib/armv6-m\libcr_c.a(memcpy.o)
 .data          0x00000000        0x0 c:/nxp/lpcxpresso_5.1.2_2065/lpcxpresso/tools/bin/../lib/gcc/arm-none-eabi/4.6.2/../../../../arm-none-eabi/lib/armv6-m\libcr_c.a(memcpy.o)
 .bss           0x00000000        0x0 c:/nxp/lpcxpresso_5.1.2_2065/lpcxpresso/tools/bin/../lib/gcc/arm-none-eabi/4.6.2/../../../../arm-none-eabi/lib/armv6-m\libcr_c.a(memcpy.o)
 .text.memcpy   0x00000000        0x8 c:/nxp/lpcxpresso_5.1.2_2065/lpcxpresso/tools/bin/../lib/gcc/arm-none-eabi/4.6.2/../../../../arm-none-eabi/lib/armv6-m\libcr_c.a(memcpy.o)
 .text          0x00000000        0x0 c:/nxp/lpcxpresso_5.1.2_2065/lpcxpresso/tools/bin/../lib/gcc/arm-none-eabi/4.6.2/../../../../arm-none-eabi/lib/armv6-m\libcr_c.a(__init_alloc.o)
 .data          0x00000000        0x0 c:/nxp/lpcxpresso_5.1.2_2065/lpcxpresso/tools/bin/../lib/gcc/arm-none-eabi/4.6.2/../../../../arm-none-eabi/lib/armv6-m\libcr_c.a(__init_alloc.o)
 .bss           0x00000000        0x0 c:/nxp/lpcxpresso_5.1.2_2065/lpcxpresso/tools/bin/../lib/gcc/arm-none-eabi/4.6.2/../../../../arm-none-eabi/lib/armv6-m\libcr_c.a(__init_alloc.o)
 .text._init_alloc
                0x00000000       0x14 c:/nxp/lpcxpresso_5.1.2_2065/lpcxpresso/tools/bin/../lib/gcc/arm-none-eabi/4.6.2/../../../../arm-none-eabi/lib/armv6-m\libcr_c.a(__init_alloc.o)
 .text          0x00000000        0x0 c:/nxp/lpcxpresso_5.1.2_2065/lpcxpresso/tools/bin/../lib/gcc/arm-none-eabi/4.6.2/../../../../arm-none-eabi/lib/armv6-m\libcr_c.a(_do_fflush.o)
 .data          0x00000000        0x0 c:/nxp/lpcxpresso_5.1.2_2065/lpcxpresso/tools/bin/../lib/gcc/arm-none-eabi/4.6.2/../../../../arm-none-eabi/lib/armv6-m\libcr_c.a(_do_fflush.o)
 .bss           0x00000000        0x0 c:/nxp/lpcxpresso_5.1.2_2065/lpcxpresso/tools/bin/../lib/gcc/arm-none-eabi/4.6.2/../../../../arm-none-eabi/lib/armv6-m\libcr_c.a(_do_fflush.o)
 .text          0x00000000        0x0 c:/nxp/lpcxpresso_5.1.2_2065/lpcxpresso/tools/bin/../lib/gcc/arm-none-eabi/4.6.2/../../../../arm-none-eabi/lib/armv6-m\libcr_c.a(errno.o)
 .data          0x00000000        0x0 c:/nxp/lpcxpresso_5.1.2_2065/lpcxpresso/tools/bin/../lib/gcc/arm-none-eabi/4.6.2/../../../../arm-none-eabi/lib/armv6-m\libcr_c.a(errno.o)
 .bss           0x00000000        0x0 c:/nxp/lpcxpresso_5.1.2_2065/lpcxpresso/tools/bin/../lib/gcc/arm-none-eabi/4.6.2/../../../../arm-none-eabi/lib/armv6-m\libcr_c.a(errno.o)
 .text          0x00000000        0x0 c:/nxp/lpcxpresso_5.1.2_2065/lpcxpresso/tools/bin/../lib/gcc/arm-none-eabi/4.6.2/armv6-m\libcr_eabihelpers.a(division.o)
 .data          0x00000000        0x0 c:/nxp/lpcxpresso_5.1.2_2065/lpcxpresso/tools/bin/../lib/gcc/arm-none-eabi/4.6.2/armv6-m\libcr_eabihelpers.a(division.o)
 .bss           0x00000000        0x0 c:/nxp/lpcxpresso_5.1.2_2065/lpcxpresso/tools/bin/../lib/gcc/arm-none-eabi/4.6.2/armv6-m\libcr_eabihelpers.a(division.o)
 .text.__aeabi_division_idivmod
                0x00000000        0x6 c:/nxp/lpcxpresso_5.1.2_2065/lpcxpresso/tools/bin/../lib/gcc/arm-none-eabi/4.6.2/armv6-m\libcr_eabihelpers.a(division.o)
 .text.__aeabi_division_uldivmod
                0x00000000       0x5a c:/nxp/lpcxpresso_5.1.2_2065/lpcxpresso/tools/bin/../lib/gcc/arm-none-eabi/4.6.2/armv6-m\libcr_eabihelpers.a(division.o)
 .text.__aeabi_division_ldivmod
                0x00000000       0x32 c:/nxp/lpcxpresso_5.1.2_2065/lpcxpresso/tools/bin/../lib/gcc/arm-none-eabi/4.6.2/armv6-m\libcr_eabihelpers.a(division.o)
 .text.__aeabi_division_ldiv0
                0x00000000        0x2 c:/nxp/lpcxpresso_5.1.2_2065/lpcxpresso/tools/bin/../lib/gcc/arm-none-eabi/4.6.2/armv6-m\libcr_eabihelpers.a(division.o)
 .text.__aeabi_division_idivq31+15
                0x00000000      0x188 c:/nxp/lpcxpresso_5.1.2_2065/lpcxpresso/tools/bin/../lib/gcc/arm-none-eabi/4.6.2/armv6-m\libcr_eabihelpers.a(division.o)
 .text          0x00000000        0x0 c:/nxp/lpcxpresso_5.1.2_2065/lpcxpresso/tools/bin/../lib/gcc/arm-none-eabi/4.6.2/armv6-m\libcr_eabihelpers.a(memcpy.o)
 .data          0x00000000        0x0 c:/nxp/lpcxpresso_5.1.2_2065/lpcxpresso/tools/bin/../lib/gcc/arm-none-eabi/4.6.2/armv6-m\libcr_eabihelpers.a(memcpy.o)
 .bss           0x00000000        0x0 c:/nxp/lpcxpresso_5.1.2_2065/lpcxpresso/tools/bin/../lib/gcc/arm-none-eabi/4.6.2/armv6-m\libcr_eabihelpers.a(memcpy.o)
 .text.__aeabi_memcpy
                0x00000000       0x2c c:/nxp/lpcxpresso_5.1.2_2065/lpcxpresso/tools/bin/../lib/gcc/arm-none-eabi/4.6.2/armv6-m\libcr_eabihelpers.a(memcpy.o)
 .text.__aeabi_memmove
                0x00000000       0x1c c:/nxp/lpcxpresso_5.1.2_2065/lpcxpresso/tools/bin/../lib/gcc/arm-none-eabi/4.6.2/armv6-m\libcr_eabihelpers.a(memcpy.o)
 .text.__aeabi_memclr
                0x00000000        0x6 c:/nxp/lpcxpresso_5.1.2_2065/lpcxpresso/tools/bin/../lib/gcc/arm-none-eabi/4.6.2/armv6-m\libcr_eabihelpers.a(memcpy.o)
 .text.__aeabi_memset
                0x00000000        0x8 c:/nxp/lpcxpresso_5.1.2_2065/lpcxpresso/tools/bin/../lib/gcc/arm-none-eabi/4.6.2/armv6-m\libcr_eabihelpers.a(memcpy.o)
 .text          0x00000000        0x0 c:/nxp/lpcxpresso_5.1.2_2065/lpcxpresso/tools/bin/../lib/gcc/arm-none-eabi/4.6.2/../../../../arm-none-eabi/lib/armv6-m\libcr_nohost.a(__sys_appexit.o)
 .data          0x00000000        0x0 c:/nxp/lpcxpresso_5.1.2_2065/lpcxpresso/tools/bin/../lib/gcc/arm-none-eabi/4.6.2/../../../../arm-none-eabi/lib/armv6-m\libcr_nohost.a(__sys_appexit.o)
 .bss           0x00000000        0x0 c:/nxp/lpcxpresso_5.1.2_2065/lpcxpresso/tools/bin/../lib/gcc/arm-none-eabi/4.6.2/../../../../arm-none-eabi/lib/armv6-m\libcr_nohost.a(__sys_appexit.o)
 .text          0x00000000        0x0 c:/nxp/lpcxpresso_5.1.2_2065/lpcxpresso/tools/bin/../lib/gcc/arm-none-eabi/4.6.2/../../../../arm-none-eabi/lib/armv6-m\libcr_nohost.a(__sys_close.o)
 .data          0x00000000        0x0 c:/nxp/lpcxpresso_5.1.2_2065/lpcxpresso/tools/bin/../lib/gcc/arm-none-eabi/4.6.2/../../../../arm-none-eabi/lib/armv6-m\libcr_nohost.a(__sys_close.o)
 .bss           0x00000000        0x0 c:/nxp/lpcxpresso_5.1.2_2065/lpcxpresso/tools/bin/../lib/gcc/arm-none-eabi/4.6.2/../../../../arm-none-eabi/lib/armv6-m\libcr_nohost.a(__sys_close.o)
 .text          0x00000000        0x0 c:/nxp/lpcxpresso_5.1.2_2065/lpcxpresso/tools/bin/../lib/gcc/arm-none-eabi/4.6.2/../../../../arm-none-eabi/lib/armv6-m\libcr_nohost.a(__sys_flen.o)
 .data          0x00000000        0x0 c:/nxp/lpcxpresso_5.1.2_2065/lpcxpresso/tools/bin/../lib/gcc/arm-none-eabi/4.6.2/../../../../arm-none-eabi/lib/armv6-m\libcr_nohost.a(__sys_flen.o)
 .bss           0x00000000        0x0 c:/nxp/lpcxpresso_5.1.2_2065/lpcxpresso/tools/bin/../lib/gcc/arm-none-eabi/4.6.2/../../../../arm-none-eabi/lib/armv6-m\libcr_nohost.a(__sys_flen.o)
 .text          0x00000000        0x0 c:/nxp/lpcxpresso_5.1.2_2065/lpcxpresso/tools/bin/../lib/gcc/arm-none-eabi/4.6.2/../../../../arm-none-eabi/lib/armv6-m\libcr_nohost.a(__sys_istty.o)
 .data          0x00000000        0x0 c:/nxp/lpcxpresso_5.1.2_2065/lpcxpresso/tools/bin/../lib/gcc/arm-none-eabi/4.6.2/../../../../arm-none-eabi/lib/armv6-m\libcr_nohost.a(__sys_istty.o)
 .bss           0x00000000        0x0 c:/nxp/lpcxpresso_5.1.2_2065/lpcxpresso/tools/bin/../lib/gcc/arm-none-eabi/4.6.2/../../../../arm-none-eabi/lib/armv6-m\libcr_nohost.a(__sys_istty.o)
 .text          0x00000000        0x0 c:/nxp/lpcxpresso_5.1.2_2065/lpcxpresso/tools/bin/../lib/gcc/arm-none-eabi/4.6.2/../../../../arm-none-eabi/lib/armv6-m\libcr_nohost.a(__sys_read.o)
 .data          0x00000000        0x0 c:/nxp/lpcxpresso_5.1.2_2065/lpcxpresso/tools/bin/../lib/gcc/arm-none-eabi/4.6.2/../../../../arm-none-eabi/lib/armv6-m\libcr_nohost.a(__sys_read.o)
 .bss           0x00000000        0x0 c:/nxp/lpcxpresso_5.1.2_2065/lpcxpresso/tools/bin/../lib/gcc/arm-none-eabi/4.6.2/../../../../arm-none-eabi/lib/armv6-m\libcr_nohost.a(__sys_read.o)
 .text.__sys_read
                0x00000000        0x4 c:/nxp/lpcxpresso_5.1.2_2065/lpcxpresso/tools/bin/../lib/gcc/arm-none-eabi/4.6.2/../../../../arm-none-eabi/lib/armv6-m\libcr_nohost.a(__sys_read.o)
 .text          0x00000000        0x0 c:/nxp/lpcxpresso_5.1.2_2065/lpcxpresso/tools/bin/../lib/gcc/arm-none-eabi/4.6.2/../../../../arm-none-eabi/lib/armv6-m\libcr_nohost.a(__sys_readc.o)
 .data          0x00000000        0x0 c:/nxp/lpcxpresso_5.1.2_2065/lpcxpresso/tools/bin/../lib/gcc/arm-none-eabi/4.6.2/../../../../arm-none-eabi/lib/armv6-m\libcr_nohost.a(__sys_readc.o)
 .bss           0x00000000        0x0 c:/nxp/lpcxpresso_5.1.2_2065/lpcxpresso/tools/bin/../lib/gcc/arm-none-eabi/4.6.2/../../../../arm-none-eabi/lib/armv6-m\libcr_nohost.a(__sys_readc.o)
 .text.__sys_readc
                0x00000000        0x6 c:/nxp/lpcxpresso_5.1.2_2065/lpcxpresso/tools/bin/../lib/gcc/arm-none-eabi/4.6.2/../../../../arm-none-eabi/lib/armv6-m\libcr_nohost.a(__sys_readc.o)
 .text          0x00000000        0x0 c:/nxp/lpcxpresso_5.1.2_2065/lpcxpresso/tools/bin/../lib/gcc/arm-none-eabi/4.6.2/../../../../arm-none-eabi/lib/armv6-m\libcr_nohost.a(__sys_remove.o)
 .data          0x00000000        0x0 c:/nxp/lpcxpresso_5.1.2_2065/lpcxpresso/tools/bin/../lib/gcc/arm-none-eabi/4.6.2/../../../../arm-none-eabi/lib/armv6-m\libcr_nohost.a(__sys_remove.o)
 .bss           0x00000000        0x0 c:/nxp/lpcxpresso_5.1.2_2065/lpcxpresso/tools/bin/../lib/gcc/arm-none-eabi/4.6.2/../../../../arm-none-eabi/lib/armv6-m\libcr_nohost.a(__sys_remove.o)
 .text          0x00000000        0x0 c:/nxp/lpcxpresso_5.1.2_2065/lpcxpresso/tools/bin/../lib/gcc/arm-none-eabi/4.6.2/../../../../arm-none-eabi/lib/armv6-m\libcr_nohost.a(__sys_rename.o)
 .data          0x00000000        0x0 c:/nxp/lpcxpresso_5.1.2_2065/lpcxpresso/tools/bin/../lib/gcc/arm-none-eabi/4.6.2/../../../../arm-none-eabi/lib/armv6-m\libcr_nohost.a(__sys_rename.o)
 .bss           0x00000000        0x0 c:/nxp/lpcxpresso_5.1.2_2065/lpcxpresso/tools/bin/../lib/gcc/arm-none-eabi/4.6.2/../../../../arm-none-eabi/lib/armv6-m\libcr_nohost.a(__sys_rename.o)
 .text.__sys_rename
                0x00000000        0x6 c:/nxp/lpcxpresso_5.1.2_2065/lpcxpresso/tools/bin/../lib/gcc/arm-none-eabi/4.6.2/../../../../arm-none-eabi/lib/armv6-m\libcr_nohost.a(__sys_rename.o)
 .text          0x00000000        0x0 c:/nxp/lpcxpresso_5.1.2_2065/lpcxpresso/tools/bin/../lib/gcc/arm-none-eabi/4.6.2/../../../../arm-none-eabi/lib/armv6-m\libcr_nohost.a(__sys_seek.o)
 .data          0x00000000        0x0 c:/nxp/lpcxpresso_5.1.2_2065/lpcxpresso/tools/bin/../lib/gcc/arm-none-eabi/4.6.2/../../../../arm-none-eabi/lib/armv6-m\libcr_nohost.a(__sys_seek.o)
 .bss           0x00000000        0x0 c:/nxp/lpcxpresso_5.1.2_2065/lpcxpresso/tools/bin/../lib/gcc/arm-none-eabi/4.6.2/../../../../arm-none-eabi/lib/armv6-m\libcr_nohost.a(__sys_seek.o)
 .text          0x00000000        0x0 c:/nxp/lpcxpresso_5.1.2_2065/lpcxpresso/tools/bin/../lib/gcc/arm-none-eabi/4.6.2/../../../../arm-none-eabi/lib/armv6-m\libcr_nohost.a(__sys_tmpnam.o)
 .data          0x00000000        0x0 c:/nxp/lpcxpresso_5.1.2_2065/lpcxpresso/tools/bin/../lib/gcc/arm-none-eabi/4.6.2/../../../../arm-none-eabi/lib/armv6-m\libcr_nohost.a(__sys_tmpnam.o)
 .bss           0x00000000        0x0 c:/nxp/lpcxpresso_5.1.2_2065/lpcxpresso/tools/bin/../lib/gcc/arm-none-eabi/4.6.2/../../../../arm-none-eabi/lib/armv6-m\libcr_nohost.a(__sys_tmpnam.o)
 .text          0x00000000        0x0 c:/nxp/lpcxpresso_5.1.2_2065/lpcxpresso/tools/bin/../lib/gcc/arm-none-eabi/4.6.2/../../../../arm-none-eabi/lib/armv6-m\libcr_nohost.a(__sys_write.o)
 .data          0x00000000        0x0 c:/nxp/lpcxpresso_5.1.2_2065/lpcxpresso/tools/bin/../lib/gcc/arm-none-eabi/4.6.2/../../../../arm-none-eabi/lib/armv6-m\libcr_nohost.a(__sys_write.o)
 .bss           0x00000000        0x0 c:/nxp/lpcxpresso_5.1.2_2065/lpcxpresso/tools/bin/../lib/gcc/arm-none-eabi/4.6.2/../../../../arm-none-eabi/lib/armv6-m\libcr_nohost.a(__sys_write.o)
 .text          0x00000000        0x0 c:/nxp/lpcxpresso_5.1.2_2065/lpcxpresso/tools/bin/../lib/gcc/arm-none-eabi/4.6.2/../../../../arm-none-eabi/lib/armv6-m\libcr_nohost.a(_cr_sbrk.o)
 .data          0x00000000        0x0 c:/nxp/lpcxpresso_5.1.2_2065/lpcxpresso/tools/bin/../lib/gcc/arm-none-eabi/4.6.2/../../../../arm-none-eabi/lib/armv6-m\libcr_nohost.a(_cr_sbrk.o)
 .bss           0x00000000        0x0 c:/nxp/lpcxpresso_5.1.2_2065/lpcxpresso/tools/bin/../lib/gcc/arm-none-eabi/4.6.2/../../../../arm-none-eabi/lib/armv6-m\libcr_nohost.a(_cr_sbrk.o)
 .text          0x00000000        0x0 c:/nxp/lpcxpresso_5.1.2_2065/lpcxpresso/tools/bin/../lib/gcc/arm-none-eabi/4.6.2/../../../../arm-none-eabi/lib/armv6-m\libcr_nohost.a(_cr_check_heap.o)
 .data          0x00000000        0x0 c:/nxp/lpcxpresso_5.1.2_2065/lpcxpresso/tools/bin/../lib/gcc/arm-none-eabi/4.6.2/../../../../arm-none-eabi/lib/armv6-m\libcr_nohost.a(_cr_check_heap.o)
 .bss           0x00000000        0x0 c:/nxp/lpcxpresso_5.1.2_2065/lpcxpresso/tools/bin/../lib/gcc/arm-none-eabi/4.6.2/../../../../arm-none-eabi/lib/armv6-m\libcr_nohost.a(_cr_check_heap.o)

Memory Configuration

Name             Origin             Length             Attributes
MFlash32         0x00000000         0x00008000         xr
RamLoc8          0x10000000         0x00002000         xrw
RamUsb2          0x20004000         0x00000800         xrw
*default*        0x00000000         0xffffffff

Linker script and memory map

LOAD ./src/ButtonCon.o
LOAD ./src/PwmControl.o
LOAD ./src/SolderSplashLpc.o
LOAD ./src/cr_startup_lpc11u.o
LOAD ./src/main.o
LOAD Z:\SolderSplash\Software\example1\CMSISv2p00_LPC11Uxx\Debug\libCMSISv2p00_LPC11Uxx.a
START GROUP
LOAD c:/nxp/lpcxpresso_5.1.2_2065/lpcxpresso/tools/bin/../lib/gcc/arm-none-eabi/4.6.2/../../../../arm-none-eabi/lib/armv6-m\libcr_nohost.a
LOAD c:/nxp/lpcxpresso_5.1.2_2065/lpcxpresso/tools/bin/../lib/gcc/arm-none-eabi/4.6.2/../../../../arm-none-eabi/lib/armv6-m\libcr_c.a
LOAD c:/nxp/lpcxpresso_5.1.2_2065/lpcxpresso/tools/bin/../lib/gcc/arm-none-eabi/4.6.2/armv6-m\libcr_eabihelpers.a
END GROUP
                0x00008000                __top_MFlash32 = 0x8000
                0x10002000                __top_RamLoc8 = 0x10002000
                0x20004800                __top_RamUsb2 = 0x20004800

.text           0x00000000     0x1268
 FILL mask 0xff
 *(.isr_vector)
 .isr_vector    0x00000000       0xc0 ./src/cr_startup_lpc11u.o
                0x00000000                g_pfnVectors
                0x000000c0                . = ALIGN (0x4)
                0x000000c0                __section_table_start = .
                0x000000c0                __data_section_table = .
                0x000000c0        0x4 LONG 0x1268 LOADADDR (.data)
                0x000000c4        0x4 LONG 0x10000000 ADDR (.data)
                0x000000c8        0x4 LONG 0x38 SIZEOF (.data)
                0x000000cc        0x4 LONG 0x1268 LOADADDR (.data_RAM2)
                0x000000d0        0x4 LONG 0x20004000 ADDR (.data_RAM2)
                0x000000d4        0x4 LONG 0x0 SIZEOF (.data_RAM2)
                0x000000d8                __data_section_table_end = .
                0x000000d8                __bss_section_table = .
                0x000000d8        0x4 LONG 0x10000038 ADDR (.bss)
                0x000000dc        0x4 LONG 0x164 SIZEOF (.bss)
                0x000000e0        0x4 LONG 0x20004000 ADDR (.bss_RAM2)
                0x000000e4        0x4 LONG 0x0 SIZEOF (.bss_RAM2)
                0x000000e8                __bss_section_table_end = .
                0x000000e8                __section_table_end = .
 *(.after_vectors*)
 .after_vectors
                0x000000e8       0x80 ./src/cr_startup_lpc11u.o
                0x000000e8                NMI_Handler
                0x000000ec                HardFault_Handler
                0x000000f0                SVC_Handler
                0x000000f4                PendSV_Handler
                0x000000fc                data_init
                0x0000010e                bss_init
                0x00000120                ResetISR
                0x00000164                FLEX_INT7_IRQHandler
                0x00000164                FLEX_INT1_IRQHandler
                0x00000164                IntDefaultHandler
                0x00000164                SSP0_IRQHandler
                0x00000164                USBWakeup_IRQHandler
                0x00000164                TIMER32_0_IRQHandler
                0x00000164                UART_IRQHandler
                0x00000164                FLEX_INT2_IRQHandler
                0x00000164                TIMER16_1_IRQHandler
                0x00000164                USB_FIQHandler
                0x00000164                FLEX_INT5_IRQHandler
                0x00000164                ADC_IRQHandler
                0x00000164                SSP1_IRQHandler
                0x00000164                FLEX_INT3_IRQHandler
                0x00000164                USB_IRQHandler
                0x00000164                BOD_IRQHandler
                0x00000164                I2C_IRQHandler
                0x00000164                WDT_IRQHandler
                0x00000164                FLEX_INT0_IRQHandler
                0x00000164                GINT0_IRQHandler
                0x00000164                FLEX_INT4_IRQHandler
                0x00000164                TIMER16_0_IRQHandler
                0x00000164                FLEX_INT6_IRQHandler
                0x00000164                FMC_IRQHandler
                0x00000164                GINT1_IRQHandler
 *(.text*)
 .text.Buttons_Task
                0x00000168      0x16c ./src/ButtonCon.o
                0x00000168                Buttons_Task
 .text.Buttons_GetPrevState
                0x000002d4       0x1c ./src/ButtonCon.o
                0x000002d4                Buttons_GetPrevState
 .text.Buttons_Init
                0x000002f0       0xb0 ./src/ButtonCon.o
                0x000002f0                Buttons_Init
 .text.NVIC_EnableIRQ
                0x000003a0       0x2c ./src/PwmControl.o
 .text.Pwm_Init
                0x000003cc       0xe0 ./src/PwmControl.o
                0x000003cc                Pwm_Init
 .text.Pwm_SetDuty
                0x000004ac       0x90 ./src/PwmControl.o
                0x000004ac                Pwm_SetDuty
 .text.TIMER32_1_IRQHandler
                0x0000053c       0x4c ./src/PwmControl.o
                0x0000053c                TIMER32_1_IRQHandler
 .text.Pwm_On   0x00000588       0x24 ./src/PwmControl.o
                0x00000588                Pwm_On
 .text.LpcLowPowerIoInit
                0x000005ac      0x190 ./src/SolderSplashLpc.o
                0x000005ac                LpcLowPowerIoInit
 .text.NVIC_SetPriority
                0x0000073c       0xe0 ./src/main.o
 .text.SysTick_Config
                0x0000081c       0x4c ./src/main.o
 .text.SysTick_Handler
                0x00000868       0x14 ./src/main.o
                0x00000868                SysTick_Handler
 .text.SetDimLevels
                0x0000087c      0x134 ./src/main.o
                0x0000087c                SetDimLevels
 .text.main     0x000009b0       0x74 ./src/main.o
                0x000009b0                main
 .text.SystemInit
                0x00000a24       0xd4 Z:\SolderSplash\Software\example1\CMSISv2p00_LPC11Uxx\Debug\libCMSISv2p00_LPC11Uxx.a(system_LPC11Uxx.o)
                0x00000a24                SystemInit
 .text.__main   0x00000af8       0x12 c:/nxp/lpcxpresso_5.1.2_2065/lpcxpresso/tools/bin/../lib/gcc/arm-none-eabi/4.6.2/../../../../arm-none-eabi/lib/armv6-m\libcr_nohost.a(_cr__main.o)
                0x00000af8                __main
 *fill*         0x00000b0a        0x2 00
 .text._initio  0x00000b0c       0xa0 c:/nxp/lpcxpresso_5.1.2_2065/lpcxpresso/tools/bin/../lib/gcc/arm-none-eabi/4.6.2/../../../../arm-none-eabi/lib/armv6-m\libcr_c.a(initio.o)
                0x00000b0c                _initio
 .text.setvbuf  0x00000bac       0x48 c:/nxp/lpcxpresso_5.1.2_2065/lpcxpresso/tools/bin/../lib/gcc/arm-none-eabi/4.6.2/../../../../arm-none-eabi/lib/armv6-m\libcr_c.a(setvbuf.o)
                0x00000bac                setvbuf
 .text.memset   0x00000bf4        0x8 c:/nxp/lpcxpresso_5.1.2_2065/lpcxpresso/tools/bin/../lib/gcc/arm-none-eabi/4.6.2/../../../../arm-none-eabi/lib/armv6-m\libcr_c.a(memset.o)
                0x00000bf4                memset
 .text._deferredlazyseek
                0x00000bfc       0x44 c:/nxp/lpcxpresso_5.1.2_2065/lpcxpresso/tools/bin/../lib/gcc/arm-none-eabi/4.6.2/../../../../arm-none-eabi/lib/armv6-m\libcr_c.a(_deferredlazyseek.o)
                0x00000bfc                _deferredlazyseek
 .text._fdopen  0x00000c40       0x78 c:/nxp/lpcxpresso_5.1.2_2065/lpcxpresso/tools/bin/../lib/gcc/arm-none-eabi/4.6.2/../../../../arm-none-eabi/lib/armv6-m\libcr_c.a(_fdopen.o)
                0x00000c40                _fdopen
 .text._fflush  0x00000cb8       0x60 c:/nxp/lpcxpresso_5.1.2_2065/lpcxpresso/tools/bin/../lib/gcc/arm-none-eabi/4.6.2/../../../../arm-none-eabi/lib/armv6-m\libcr_c.a(_fflush.o)
                0x00000cb8                _fflush
 .text._Cwritebuf
                0x00000d18       0x6c c:/nxp/lpcxpresso_5.1.2_2065/lpcxpresso/tools/bin/../lib/gcc/arm-none-eabi/4.6.2/../../../../arm-none-eabi/lib/armv6-m\libcr_c.a(_writebuf.o)
                0x00000d18                _Cwritebuf
 .text.malloc   0x00000d84       0xbc c:/nxp/lpcxpresso_5.1.2_2065/lpcxpresso/tools/bin/../lib/gcc/arm-none-eabi/4.6.2/../../../../arm-none-eabi/lib/armv6-m\libcr_c.a(alloc.o)
                0x00000d84                malloc
 .text.free     0x00000e40        0xa c:/nxp/lpcxpresso_5.1.2_2065/lpcxpresso/tools/bin/../lib/gcc/arm-none-eabi/4.6.2/../../../../arm-none-eabi/lib/armv6-m\libcr_c.a(alloc.o)
                0x00000e40                free
 *fill*         0x00000e4a        0x2 00
 .text._Csys_alloc
                0x00000e4c       0x20 c:/nxp/lpcxpresso_5.1.2_2065/lpcxpresso/tools/bin/../lib/gcc/arm-none-eabi/4.6.2/../../../../arm-none-eabi/lib/armv6-m\libcr_c.a(alloc.o)
                0x00000e4c                _Csys_alloc
 .text.fclose   0x00000e6c       0x70 c:/nxp/lpcxpresso_5.1.2_2065/lpcxpresso/tools/bin/../lib/gcc/arm-none-eabi/4.6.2/../../../../arm-none-eabi/lib/armv6-m\libcr_c.a(fclose.o)
                0x00000e6c                fclose
 .text.fflush   0x00000edc       0x38 c:/nxp/lpcxpresso_5.1.2_2065/lpcxpresso/tools/bin/../lib/gcc/arm-none-eabi/4.6.2/../../../../arm-none-eabi/lib/armv6-m\libcr_c.a(fflush.o)
                0x00000edc                fflush
 .text.fseek    0x00000f14       0xf0 c:/nxp/lpcxpresso_5.1.2_2065/lpcxpresso/tools/bin/../lib/gcc/arm-none-eabi/4.6.2/../../../../arm-none-eabi/lib/armv6-m\libcr_c.a(fseek.o)
                0x00000f14                fseek
 .text.ftell    0x00001004       0x4c c:/nxp/lpcxpresso_5.1.2_2065/lpcxpresso/tools/bin/../lib/gcc/arm-none-eabi/4.6.2/../../../../arm-none-eabi/lib/armv6-m\libcr_c.a(ftell.o)
                0x00001004                ftell
 .text.remove   0x00001050       0x12 c:/nxp/lpcxpresso_5.1.2_2065/lpcxpresso/tools/bin/../lib/gcc/arm-none-eabi/4.6.2/../../../../arm-none-eabi/lib/armv6-m\libcr_c.a(remove.o)
                0x00001050                remove
 *fill*         0x00001062        0x2 00
 .text.strlen   0x00001064       0x58 c:/nxp/lpcxpresso_5.1.2_2065/lpcxpresso/tools/bin/../lib/gcc/arm-none-eabi/4.6.2/../../../../arm-none-eabi/lib/armv6-m\libcr_c.a(strlen.o)
                0x00001064                strlen
 .text._do_fflush
                0x000010bc       0x48 c:/nxp/lpcxpresso_5.1.2_2065/lpcxpresso/tools/bin/../lib/gcc/arm-none-eabi/4.6.2/../../../../arm-none-eabi/lib/armv6-m\libcr_c.a(_do_fflush.o)
                0x000010bc                _do_fflush
 .text.__aeabi_division_uidivmod
                0x00001104       0x72 c:/nxp/lpcxpresso_5.1.2_2065/lpcxpresso/tools/bin/../lib/gcc/arm-none-eabi/4.6.2/armv6-m\libcr_eabihelpers.a(division.o)
                0x00001104                __aeabi_uidivmod
                0x00001104                __aeabi_uidiv
 .text.__aeabi_division_idiv0
                0x00001176        0x2 c:/nxp/lpcxpresso_5.1.2_2065/lpcxpresso/tools/bin/../lib/gcc/arm-none-eabi/4.6.2/armv6-m\libcr_eabihelpers.a(division.o)
                0x00001176                __aeabi_idiv0
 .text.__aeabi_memset_lowlevel
                0x00001178       0x2a c:/nxp/lpcxpresso_5.1.2_2065/lpcxpresso/tools/bin/../lib/gcc/arm-none-eabi/4.6.2/armv6-m\libcr_eabihelpers.a(memcpy.o)
                0x00001178                __aeabi_lowlevel_memset
 .text.__sys_appexit
                0x000011a2        0x4 c:/nxp/lpcxpresso_5.1.2_2065/lpcxpresso/tools/bin/../lib/gcc/arm-none-eabi/4.6.2/../../../../arm-none-eabi/lib/armv6-m\libcr_nohost.a(__sys_appexit.o)
                0x000011a2                __sys_appexit
                0x000011a2                __exit
 .text.__sys_close
                0x000011a6        0x6 c:/nxp/lpcxpresso_5.1.2_2065/lpcxpresso/tools/bin/../lib/gcc/arm-none-eabi/4.6.2/../../../../arm-none-eabi/lib/armv6-m\libcr_nohost.a(__sys_close.o)
                0x000011a6                __sys_close
 .text.__sys_flen
                0x000011ac        0x6 c:/nxp/lpcxpresso_5.1.2_2065/lpcxpresso/tools/bin/../lib/gcc/arm-none-eabi/4.6.2/../../../../arm-none-eabi/lib/armv6-m\libcr_nohost.a(__sys_flen.o)
                0x000011ac                __sys_flen
 .text.__sys_istty
                0x000011b2        0x6 c:/nxp/lpcxpresso_5.1.2_2065/lpcxpresso/tools/bin/../lib/gcc/arm-none-eabi/4.6.2/../../../../arm-none-eabi/lib/armv6-m\libcr_nohost.a(__sys_istty.o)
                0x000011b2                __sys_istty
 .text.__sys_remove
                0x000011b8        0x6 c:/nxp/lpcxpresso_5.1.2_2065/lpcxpresso/tools/bin/../lib/gcc/arm-none-eabi/4.6.2/../../../../arm-none-eabi/lib/armv6-m\libcr_nohost.a(__sys_remove.o)
                0x000011b8                __sys_remove
 .text.__sys_seek
                0x000011be        0x6 c:/nxp/lpcxpresso_5.1.2_2065/lpcxpresso/tools/bin/../lib/gcc/arm-none-eabi/4.6.2/../../../../arm-none-eabi/lib/armv6-m\libcr_nohost.a(__sys_seek.o)
                0x000011be                __sys_seek
 .text.__sys_tmpnam
                0x000011c4        0x6 c:/nxp/lpcxpresso_5.1.2_2065/lpcxpresso/tools/bin/../lib/gcc/arm-none-eabi/4.6.2/../../../../arm-none-eabi/lib/armv6-m\libcr_nohost.a(__sys_tmpnam.o)
                0x000011c4                __sys_tmpnam
 .text.__sys_write
                0x000011ca        0x4 c:/nxp/lpcxpresso_5.1.2_2065/lpcxpresso/tools/bin/../lib/gcc/arm-none-eabi/4.6.2/../../../../arm-none-eabi/lib/armv6-m\libcr_nohost.a(__sys_write.o)
                0x000011ca                __sys_write
                0x000011ca                __write
 *fill*         0x000011ce        0x2 00
 .text._sbrk    0x000011d0       0x40 c:/nxp/lpcxpresso_5.1.2_2065/lpcxpresso/tools/bin/../lib/gcc/arm-none-eabi/4.6.2/../../../../arm-none-eabi/lib/armv6-m\libcr_nohost.a(_cr_sbrk.o)
                0x000011d0                _sbrk
 .text.__check_heap_overflow
                0x00001210       0x2c c:/nxp/lpcxpresso_5.1.2_2065/lpcxpresso/tools/bin/../lib/gcc/arm-none-eabi/4.6.2/../../../../arm-none-eabi/lib/armv6-m\libcr_nohost.a(_cr_check_heap.o)
                0x00001210                __check_heap_overflow
 *(.rodata .rodata.*)
 .rodata.DIM_LEVELS
                0x0000123c       0x10 ./src/main.o
                0x0000123c                DIM_LEVELS
 .rodata.str1.1
                0x0000124c        0x4 c:/nxp/lpcxpresso_5.1.2_2065/lpcxpresso/tools/bin/../lib/gcc/arm-none-eabi/4.6.2/../../../../arm-none-eabi/lib/armv6-m\libcr_c.a(initio.o)
 .rodata.str1.1
                0x00001250       0x18 c:/nxp/lpcxpresso_5.1.2_2065/lpcxpresso/tools/bin/../lib/gcc/arm-none-eabi/4.6.2/../../../../arm-none-eabi/lib/armv6-m\libcr_c.a(alloc.o)
                0x00001268                . = ALIGN (0x4)

.glue_7         0x00001268        0x0
 .glue_7        0x00000000        0x0 linker stubs

.glue_7t        0x00001268        0x0
 .glue_7t       0x00000000        0x0 linker stubs

.vfp11_veneer   0x00001268        0x0
 .vfp11_veneer  0x00000000        0x0 linker stubs

.v4_bx          0x00001268        0x0
 .v4_bx         0x00000000        0x0 linker stubs

.ARM.extab
 *(.ARM.extab* .gnu.linkonce.armextab.*)
                0x00001268                __exidx_start = .

.ARM.exidx
 *(.ARM.exidx* .gnu.linkonce.armexidx.*)
                0x00001268                __exidx_end = .
                0x00001268                _etext = .

.data_RAM2      0x20004000        0x0 load address 0x00001268
 FILL mask 0xff
 *(.data.$RAM2*)
 *(.data.$RamUsb2*)
                0x20004000                . = ALIGN (0x4)

.uninit_RESERVED
                0x10000000        0x0
 *(.bss.$RESERVED*)
                0x10000000                . = ALIGN (0x4)
                0x10000000                _end_uninit_RESERVED = .

.data           0x10000000       0x38 load address 0x00001268
 FILL mask 0xff
                0x10000000                _data = .
 *(vtable)
 *(.data*)
 .data.Buttons  0x10000000       0x30 ./src/ButtonCon.o
                0x10000000                Buttons
 .data.bottomOutput.4251
                0x10000030        0x2 ./src/main.o
 .data.topOutput.4252
                0x10000032        0x2 ./src/main.o
 .data.SystemCoreClock
                0x10000034        0x4 Z:\SolderSplash\Software\example1\CMSISv2p00_LPC11Uxx\Debug\libCMSISv2p00_LPC11Uxx.a(system_LPC11Uxx.o)
                0x10000034                SystemCoreClock
                0x10000038                . = ALIGN (0x4)
                0x10000038                _edata = .

.bss_RAM2       0x20004000        0x0
 *(.bss.$RAM2*)
 *(.bss.$RamUsb2*)
                0x20004000                . = ALIGN (0x4)

.bss            0x10000038      0x164
                0x10000038                _bss = .
 *(.bss*)
 .bss.ButtonHeldCnt
                0x10000038        0xc ./src/ButtonCon.o
                0x10000038                ButtonHeldCnt
 .bss.actionButtons
                0x10000044        0x1 ./src/main.o
                0x10000044                actionButtons
 *fill*         0x10000045        0x3 00
 .bss.errno     0x10000048        0x4 c:/nxp/lpcxpresso_5.1.2_2065/lpcxpresso/tools/bin/../lib/gcc/arm-none-eabi/4.6.2/../../../../arm-none-eabi/lib/armv6-m\libcr_c.a(errno.o)
                0x10000048                errno
 *(COMMON)
 COMMON         0x1000004c        0x3 ./src/ButtonCon.o
                0x1000004c                ButtonsPressed
                0x1000004d                ButtonsPrevState
                0x1000004e                ButtonsHeld
 *fill*         0x1000004f        0x1 00
 COMMON         0x10000050        0x4 c:/nxp/lpcxpresso_5.1.2_2065/lpcxpresso/tools/bin/../lib/gcc/arm-none-eabi/4.6.2/../../../../arm-none-eabi/lib/armv6-m\libcr_c.a(initio.o)
                0x10000050                _extra
 COMMON         0x10000054      0x140 c:/nxp/lpcxpresso_5.1.2_2065/lpcxpresso/tools/bin/../lib/gcc/arm-none-eabi/4.6.2/../../../../arm-none-eabi/lib/armv6-m\libcr_c.a(stdio.o)
                0x10000054                __Ciob
 COMMON         0x10000194        0x8 c:/nxp/lpcxpresso_5.1.2_2065/lpcxpresso/tools/bin/../lib/gcc/arm-none-eabi/4.6.2/../../../../arm-none-eabi/lib/armv6-m\libcr_c.a(__init_alloc.o)
                0x10000194                __heaps
                0x10000198                __end_of_heap
                0x1000019c                . = ALIGN (0x4)
                0x1000019c                _ebss = .
                0x1000019c                PROVIDE (end, .)

.noinit_RAM2    0x20004000        0x0
 *(.noinit.$RAM2*)
 *(.noinit.$RamUsb2*)
                0x20004000                . = ALIGN (0x4)

.noinit         0x1000019c        0x0
                0x1000019c                _noinit = .
 *(.noinit*)
                0x1000019c                . = ALIGN (0x4)
                0x1000019c                _end_noinit = .
                0x1000019c                PROVIDE (_pvHeapStart, .)
                0x10002000                PROVIDE (_vStackTop, (__top_RamLoc8 - 0x0))
OUTPUT(SolderBridge_0-10v_Stepped.axf elf32-littlearm)

.debug_info     0x00000000     0x2eef
 .debug_info    0x00000000      0x872 ./src/ButtonCon.o
 .debug_info    0x00000872      0xf1f ./src/PwmControl.o
 .debug_info    0x00001791      0x40f ./src/SolderSplashLpc.o
 .debug_info    0x00001ba0      0x296 ./src/cr_startup_lpc11u.o
 .debug_info    0x00001e36      0xae5 ./src/main.o
 .debug_info    0x0000291b      0x5d4 Z:\SolderSplash\Software\example1\CMSISv2p00_LPC11Uxx\Debug\libCMSISv2p00_LPC11Uxx.a(system_LPC11Uxx.o)

.debug_abbrev   0x00000000      0x7a4
 .debug_abbrev  0x00000000      0x191 ./src/ButtonCon.o
 .debug_abbrev  0x00000191      0x1a7 ./src/PwmControl.o
 .debug_abbrev  0x00000338       0x80 ./src/SolderSplashLpc.o
 .debug_abbrev  0x000003b8      0x116 ./src/cr_startup_lpc11u.o
 .debug_abbrev  0x000004ce      0x1dd ./src/main.o
 .debug_abbrev  0x000006ab       0xf9 Z:\SolderSplash\Software\example1\CMSISv2p00_LPC11Uxx\Debug\libCMSISv2p00_LPC11Uxx.a(system_LPC11Uxx.o)

.debug_loc      0x00000000      0x67d
 .debug_loc     0x00000000      0x144 ./src/ButtonCon.o
 .debug_loc     0x00000144       0xf4 ./src/PwmControl.o
 .debug_loc     0x00000238       0x2c ./src/SolderSplashLpc.o
 .debug_loc     0x00000264      0x28f ./src/cr_startup_lpc11u.o
 .debug_loc     0x000004f3      0x100 ./src/main.o
 .debug_loc     0x000005f3       0x8a Z:\SolderSplash\Software\example1\CMSISv2p00_LPC11Uxx\Debug\libCMSISv2p00_LPC11Uxx.a(system_LPC11Uxx.o)

.debug_aranges  0x00000000      0x170
 .debug_aranges
                0x00000000       0x48 ./src/ButtonCon.o
 .debug_aranges
                0x00000048       0x40 ./src/PwmControl.o
 .debug_aranges
                0x00000088       0x20 ./src/SolderSplashLpc.o
 .debug_aranges
                0x000000a8       0x60 ./src/cr_startup_lpc11u.o
 .debug_aranges
                0x00000108       0x40 ./src/main.o
 .debug_aranges
                0x00000148       0x28 Z:\SolderSplash\Software\example1\CMSISv2p00_LPC11Uxx\Debug\libCMSISv2p00_LPC11Uxx.a(system_LPC11Uxx.o)

.debug_ranges   0x00000000      0x110
 .debug_ranges  0x00000000       0x38 ./src/ButtonCon.o
 .debug_ranges  0x00000038       0x30 ./src/PwmControl.o
 .debug_ranges  0x00000068       0x10 ./src/SolderSplashLpc.o
 .debug_ranges  0x00000078       0x50 ./src/cr_startup_lpc11u.o
 .debug_ranges  0x000000c8       0x30 ./src/main.o
 .debug_ranges  0x000000f8       0x18 Z:\SolderSplash\Software\example1\CMSISv2p00_LPC11Uxx\Debug\libCMSISv2p00_LPC11Uxx.a(system_LPC11Uxx.o)

.debug_line     0x00000000     0x1b2e
 .debug_line    0x00000000      0x4ee ./src/ButtonCon.o
 .debug_line    0x000004ee      0x4d0 ./src/PwmControl.o
 .debug_line    0x000009be      0x486 ./src/SolderSplashLpc.o
 .debug_line    0x00000e44      0x3fe ./src/cr_startup_lpc11u.o
 .debug_line    0x00001242      0x504 ./src/main.o
 .debug_line    0x00001746      0x3e8 Z:\SolderSplash\Software\example1\CMSISv2p00_LPC11Uxx\Debug\libCMSISv2p00_LPC11Uxx.a(system_LPC11Uxx.o)

.debug_macinfo  0x00000000    0x214e9
 .debug_macinfo
                0x00000000     0x5b7f ./src/ButtonCon.o
 .debug_macinfo
                0x00005b7f     0x5b64 ./src/PwmControl.o
 .debug_macinfo
                0x0000b6e3     0x584b ./src/SolderSplashLpc.o
 .debug_macinfo
                0x00010f2e     0x522b ./src/cr_startup_lpc11u.o
 .debug_macinfo
                0x00016159     0x5ebe ./src/main.o
 .debug_macinfo
                0x0001c017     0x54d2 Z:\SolderSplash\Software\example1\CMSISv2p00_LPC11Uxx\Debug\libCMSISv2p00_LPC11Uxx.a(system_LPC11Uxx.o)

.debug_str      0x00000000      0xbdb
 .debug_str     0x00000000      0x42b ./src/ButtonCon.o
                                0x45a (size before relaxing)
 .debug_str     0x0000042b      0x4c8 ./src/PwmControl.o
                                0x829 (size before relaxing)
 .debug_str     0x000008f3       0x2b ./src/SolderSplashLpc.o
                                0x317 (size before relaxing)
 .debug_str     0x0000091e      0x12f ./src/cr_startup_lpc11u.o
                                0x23a (size before relaxing)
 .debug_str     0x00000a4d      0x10a ./src/main.o
                                0x6c9 (size before relaxing)
 .debug_str     0x00000b57       0x84 Z:\SolderSplash\Software\example1\CMSISv2p00_LPC11Uxx\Debug\libCMSISv2p00_LPC11Uxx.a(system_LPC11Uxx.o)
                                0x3c3 (size before relaxing)

.comment        0x00000000       0xe0
 .comment       0x00000000       0x70 ./src/ButtonCon.o
                                 0x71 (size before relaxing)
 .comment       0x00000000       0x71 ./src/PwmControl.o
 .comment       0x00000000       0x71 ./src/SolderSplashLpc.o
 .comment       0x00000000       0x71 ./src/cr_startup_lpc11u.o
 .comment       0x00000000       0x71 ./src/main.o
 .comment       0x00000000       0x71 Z:\SolderSplash\Software\example1\CMSISv2p00_LPC11Uxx\Debug\libCMSISv2p00_LPC11Uxx.a(system_LPC11Uxx.o)
 .comment       0x00000070       0x70 c:/nxp/lpcxpresso_5.1.2_2065/lpcxpresso/tools/bin/../lib/gcc/arm-none-eabi/4.6.2/../../../../arm-none-eabi/lib/armv6-m\libcr_nohost.a(_cr__main.o)
                                 0x71 (size before relaxing)
 .comment       0x00000000       0x71 c:/nxp/lpcxpresso_5.1.2_2065/lpcxpresso/tools/bin/../lib/gcc/arm-none-eabi/4.6.2/../../../../arm-none-eabi/lib/armv6-m\libcr_c.a(initio.o)
 .comment       0x00000000       0x71 c:/nxp/lpcxpresso_5.1.2_2065/lpcxpresso/tools/bin/../lib/gcc/arm-none-eabi/4.6.2/../../../../arm-none-eabi/lib/armv6-m\libcr_c.a(setvbuf.o)
 .comment       0x00000000       0x71 c:/nxp/lpcxpresso_5.1.2_2065/lpcxpresso/tools/bin/../lib/gcc/arm-none-eabi/4.6.2/../../../../arm-none-eabi/lib/armv6-m\libcr_c.a(stdio.o)
 .comment       0x00000000       0x71 c:/nxp/lpcxpresso_5.1.2_2065/lpcxpresso/tools/bin/../lib/gcc/arm-none-eabi/4.6.2/../../../../arm-none-eabi/lib/armv6-m\libcr_c.a(memset.o)
 .comment       0x00000000       0x71 c:/nxp/lpcxpresso_5.1.2_2065/lpcxpresso/tools/bin/../lib/gcc/arm-none-eabi/4.6.2/../../../../arm-none-eabi/lib/armv6-m\libcr_c.a(__fillbuf.o)
 .comment       0x00000000       0x71 c:/nxp/lpcxpresso_5.1.2_2065/lpcxpresso/tools/bin/../lib/gcc/arm-none-eabi/4.6.2/../../../../arm-none-eabi/lib/armv6-m\libcr_c.a(_deferredlazyseek.o)
 .comment       0x00000000       0x71 c:/nxp/lpcxpresso_5.1.2_2065/lpcxpresso/tools/bin/../lib/gcc/arm-none-eabi/4.6.2/../../../../arm-none-eabi/lib/armv6-m\libcr_c.a(_fdopen.o)
 .comment       0x00000000       0x71 c:/nxp/lpcxpresso_5.1.2_2065/lpcxpresso/tools/bin/../lib/gcc/arm-none-eabi/4.6.2/../../../../arm-none-eabi/lib/armv6-m\libcr_c.a(_fflush.o)
 .comment       0x00000000       0x71 c:/nxp/lpcxpresso_5.1.2_2065/lpcxpresso/tools/bin/../lib/gcc/arm-none-eabi/4.6.2/../../../../arm-none-eabi/lib/armv6-m\libcr_c.a(_writebuf.o)
 .comment       0x00000000       0x71 c:/nxp/lpcxpresso_5.1.2_2065/lpcxpresso/tools/bin/../lib/gcc/arm-none-eabi/4.6.2/../../../../arm-none-eabi/lib/armv6-m\libcr_c.a(alloc.o)
 .comment       0x00000000       0x71 c:/nxp/lpcxpresso_5.1.2_2065/lpcxpresso/tools/bin/../lib/gcc/arm-none-eabi/4.6.2/../../../../arm-none-eabi/lib/armv6-m\libcr_c.a(fclose.o)
 .comment       0x00000000       0x71 c:/nxp/lpcxpresso_5.1.2_2065/lpcxpresso/tools/bin/../lib/gcc/arm-none-eabi/4.6.2/../../../../arm-none-eabi/lib/armv6-m\libcr_c.a(fflush.o)
 .comment       0x00000000       0x71 c:/nxp/lpcxpresso_5.1.2_2065/lpcxpresso/tools/bin/../lib/gcc/arm-none-eabi/4.6.2/../../../../arm-none-eabi/lib/armv6-m\libcr_c.a(fseek.o)
 .comment       0x00000000       0x71 c:/nxp/lpcxpresso_5.1.2_2065/lpcxpresso/tools/bin/../lib/gcc/arm-none-eabi/4.6.2/../../../../arm-none-eabi/lib/armv6-m\libcr_c.a(ftell.o)
 .comment       0x00000000       0x71 c:/nxp/lpcxpresso_5.1.2_2065/lpcxpresso/tools/bin/../lib/gcc/arm-none-eabi/4.6.2/../../../../arm-none-eabi/lib/armv6-m\libcr_c.a(remove.o)
 .comment       0x00000000       0x71 c:/nxp/lpcxpresso_5.1.2_2065/lpcxpresso/tools/bin/../lib/gcc/arm-none-eabi/4.6.2/../../../../arm-none-eabi/lib/armv6-m\libcr_c.a(strlen.o)
 .comment       0x00000000       0x71 c:/nxp/lpcxpresso_5.1.2_2065/lpcxpresso/tools/bin/../lib/gcc/arm-none-eabi/4.6.2/../../../../arm-none-eabi/lib/armv6-m\libcr_c.a(memcpy.o)
 .comment       0x00000000       0x71 c:/nxp/lpcxpresso_5.1.2_2065/lpcxpresso/tools/bin/../lib/gcc/arm-none-eabi/4.6.2/../../../../arm-none-eabi/lib/armv6-m\libcr_c.a(__init_alloc.o)
 .comment       0x00000000       0x71 c:/nxp/lpcxpresso_5.1.2_2065/lpcxpresso/tools/bin/../lib/gcc/arm-none-eabi/4.6.2/../../../../arm-none-eabi/lib/armv6-m\libcr_c.a(_do_fflush.o)
 .comment       0x00000000       0x71 c:/nxp/lpcxpresso_5.1.2_2065/lpcxpresso/tools/bin/../lib/gcc/arm-none-eabi/4.6.2/../../../../arm-none-eabi/lib/armv6-m\libcr_c.a(errno.o)
 .comment       0x00000000       0x71 c:/nxp/lpcxpresso_5.1.2_2065/lpcxpresso/tools/bin/../lib/gcc/arm-none-eabi/4.6.2/../../../../arm-none-eabi/lib/armv6-m\libcr_nohost.a(__sys_appexit.o)
 .comment       0x00000000       0x71 c:/nxp/lpcxpresso_5.1.2_2065/lpcxpresso/tools/bin/../lib/gcc/arm-none-eabi/4.6.2/../../../../arm-none-eabi/lib/armv6-m\libcr_nohost.a(__sys_close.o)
 .comment       0x00000000       0x71 c:/nxp/lpcxpresso_5.1.2_2065/lpcxpresso/tools/bin/../lib/gcc/arm-none-eabi/4.6.2/../../../../arm-none-eabi/lib/armv6-m\libcr_nohost.a(__sys_flen.o)
 .comment       0x00000000       0x71 c:/nxp/lpcxpresso_5.1.2_2065/lpcxpresso/tools/bin/../lib/gcc/arm-none-eabi/4.6.2/../../../../arm-none-eabi/lib/armv6-m\libcr_nohost.a(__sys_istty.o)
 .comment       0x00000000       0x71 c:/nxp/lpcxpresso_5.1.2_2065/lpcxpresso/tools/bin/../lib/gcc/arm-none-eabi/4.6.2/../../../../arm-none-eabi/lib/armv6-m\libcr_nohost.a(__sys_read.o)
 .comment       0x00000000       0x71 c:/nxp/lpcxpresso_5.1.2_2065/lpcxpresso/tools/bin/../lib/gcc/arm-none-eabi/4.6.2/../../../../arm-none-eabi/lib/armv6-m\libcr_nohost.a(__sys_readc.o)
 .comment       0x00000000       0x71 c:/nxp/lpcxpresso_5.1.2_2065/lpcxpresso/tools/bin/../lib/gcc/arm-none-eabi/4.6.2/../../../../arm-none-eabi/lib/armv6-m\libcr_nohost.a(__sys_remove.o)
 .comment       0x00000000       0x71 c:/nxp/lpcxpresso_5.1.2_2065/lpcxpresso/tools/bin/../lib/gcc/arm-none-eabi/4.6.2/../../../../arm-none-eabi/lib/armv6-m\libcr_nohost.a(__sys_rename.o)
 .comment       0x00000000       0x71 c:/nxp/lpcxpresso_5.1.2_2065/lpcxpresso/tools/bin/../lib/gcc/arm-none-eabi/4.6.2/../../../../arm-none-eabi/lib/armv6-m\libcr_nohost.a(__sys_seek.o)
 .comment       0x00000000       0x71 c:/nxp/lpcxpresso_5.1.2_2065/lpcxpresso/tools/bin/../lib/gcc/arm-none-eabi/4.6.2/../../../../arm-none-eabi/lib/armv6-m\libcr_nohost.a(__sys_tmpnam.o)
 .comment       0x00000000       0x71 c:/nxp/lpcxpresso_5.1.2_2065/lpcxpresso/tools/bin/../lib/gcc/arm-none-eabi/4.6.2/../../../../arm-none-eabi/lib/armv6-m\libcr_nohost.a(__sys_write.o)
 .comment       0x00000000       0x71 c:/nxp/lpcxpresso_5.1.2_2065/lpcxpresso/tools/bin/../lib/gcc/arm-none-eabi/4.6.2/../../../../arm-none-eabi/lib/armv6-m\libcr_nohost.a(_cr_sbrk.o)
 .comment       0x00000000       0x71 c:/nxp/lpcxpresso_5.1.2_2065/lpcxpresso/tools/bin/../lib/gcc/arm-none-eabi/4.6.2/../../../../arm-none-eabi/lib/armv6-m\libcr_nohost.a(_cr_check_heap.o)

.ARM.attributes
                0x00000000       0x2f
 .ARM.attributes
                0x00000000       0x31 ./src/ButtonCon.o
 .ARM.attributes
                0x00000031       0x31 ./src/PwmControl.o
 .ARM.attributes
                0x00000062       0x31 ./src/SolderSplashLpc.o
 .ARM.attributes
                0x00000093       0x31 ./src/cr_startup_lpc11u.o
 .ARM.attributes
                0x000000c4       0x31 ./src/main.o
 .ARM.attributes
                0x000000f5       0x31 Z:\SolderSplash\Software\example1\CMSISv2p00_LPC11Uxx\Debug\libCMSISv2p00_LPC11Uxx.a(system_LPC11Uxx.o)
 .ARM.attributes
                0x00000126       0x31 c:/nxp/lpcxpresso_5.1.2_2065/lpcxpresso/tools/bin/../lib/gcc/arm-none-eabi/4.6.2/../../../../arm-none-eabi/lib/armv6-m\libcr_nohost.a(_cr__main.o)
 .ARM.attributes
                0x00000157       0x31 c:/nxp/lpcxpresso_5.1.2_2065/lpcxpresso/tools/bin/../lib/gcc/arm-none-eabi/4.6.2/../../../../arm-none-eabi/lib/armv6-m\libcr_c.a(initio.o)
 .ARM.attributes
                0x00000188       0x31 c:/nxp/lpcxpresso_5.1.2_2065/lpcxpresso/tools/bin/../lib/gcc/arm-none-eabi/4.6.2/../../../../arm-none-eabi/lib/armv6-m\libcr_c.a(setvbuf.o)
 .ARM.attributes
                0x000001b9       0x31 c:/nxp/lpcxpresso_5.1.2_2065/lpcxpresso/tools/bin/../lib/gcc/arm-none-eabi/4.6.2/../../../../arm-none-eabi/lib/armv6-m\libcr_c.a(stdio.o)
 .ARM.attributes
                0x000001ea       0x31 c:/nxp/lpcxpresso_5.1.2_2065/lpcxpresso/tools/bin/../lib/gcc/arm-none-eabi/4.6.2/../../../../arm-none-eabi/lib/armv6-m\libcr_c.a(memset.o)
 .ARM.attributes
                0x0000021b       0x31 c:/nxp/lpcxpresso_5.1.2_2065/lpcxpresso/tools/bin/../lib/gcc/arm-none-eabi/4.6.2/../../../../arm-none-eabi/lib/armv6-m\libcr_c.a(__fillbuf.o)
 .ARM.attributes
                0x0000024c       0x31 c:/nxp/lpcxpresso_5.1.2_2065/lpcxpresso/tools/bin/../lib/gcc/arm-none-eabi/4.6.2/../../../../arm-none-eabi/lib/armv6-m\libcr_c.a(_deferredlazyseek.o)
 .ARM.attributes
                0x0000027d       0x31 c:/nxp/lpcxpresso_5.1.2_2065/lpcxpresso/tools/bin/../lib/gcc/arm-none-eabi/4.6.2/../../../../arm-none-eabi/lib/armv6-m\libcr_c.a(_fdopen.o)
 .ARM.attributes
                0x000002ae       0x31 c:/nxp/lpcxpresso_5.1.2_2065/lpcxpresso/tools/bin/../lib/gcc/arm-none-eabi/4.6.2/../../../../arm-none-eabi/lib/armv6-m\libcr_c.a(_fflush.o)
 .ARM.attributes
                0x000002df       0x31 c:/nxp/lpcxpresso_5.1.2_2065/lpcxpresso/tools/bin/../lib/gcc/arm-none-eabi/4.6.2/../../../../arm-none-eabi/lib/armv6-m\libcr_c.a(_writebuf.o)
 .ARM.attributes
                0x00000310       0x31 c:/nxp/lpcxpresso_5.1.2_2065/lpcxpresso/tools/bin/../lib/gcc/arm-none-eabi/4.6.2/../../../../arm-none-eabi/lib/armv6-m\libcr_c.a(alloc.o)
 .ARM.attributes
                0x00000341       0x31 c:/nxp/lpcxpresso_5.1.2_2065/lpcxpresso/tools/bin/../lib/gcc/arm-none-eabi/4.6.2/../../../../arm-none-eabi/lib/armv6-m\libcr_c.a(fclose.o)
 .ARM.attributes
                0x00000372       0x31 c:/nxp/lpcxpresso_5.1.2_2065/lpcxpresso/tools/bin/../lib/gcc/arm-none-eabi/4.6.2/../../../../arm-none-eabi/lib/armv6-m\libcr_c.a(fflush.o)
 .ARM.attributes
                0x000003a3       0x31 c:/nxp/lpcxpresso_5.1.2_2065/lpcxpresso/tools/bin/../lib/gcc/arm-none-eabi/4.6.2/../../../../arm-none-eabi/lib/armv6-m\libcr_c.a(fseek.o)
 .ARM.attributes
                0x000003d4       0x31 c:/nxp/lpcxpresso_5.1.2_2065/lpcxpresso/tools/bin/../lib/gcc/arm-none-eabi/4.6.2/../../../../arm-none-eabi/lib/armv6-m\libcr_c.a(ftell.o)
 .ARM.attributes
                0x00000405       0x31 c:/nxp/lpcxpresso_5.1.2_2065/lpcxpresso/tools/bin/../lib/gcc/arm-none-eabi/4.6.2/../../../../arm-none-eabi/lib/armv6-m\libcr_c.a(remove.o)
 .ARM.attributes
                0x00000436       0x31 c:/nxp/lpcxpresso_5.1.2_2065/lpcxpresso/tools/bin/../lib/gcc/arm-none-eabi/4.6.2/../../../../arm-none-eabi/lib/armv6-m\libcr_c.a(strlen.o)
 .ARM.attributes
                0x00000467       0x31 c:/nxp/lpcxpresso_5.1.2_2065/lpcxpresso/tools/bin/../lib/gcc/arm-none-eabi/4.6.2/../../../../arm-none-eabi/lib/armv6-m\libcr_c.a(memcpy.o)
 .ARM.attributes
                0x00000498       0x31 c:/nxp/lpcxpresso_5.1.2_2065/lpcxpresso/tools/bin/../lib/gcc/arm-none-eabi/4.6.2/../../../../arm-none-eabi/lib/armv6-m\libcr_c.a(__init_alloc.o)
 .ARM.attributes
                0x000004c9       0x31 c:/nxp/lpcxpresso_5.1.2_2065/lpcxpresso/tools/bin/../lib/gcc/arm-none-eabi/4.6.2/../../../../arm-none-eabi/lib/armv6-m\libcr_c.a(_do_fflush.o)
 .ARM.attributes
                0x000004fa       0x31 c:/nxp/lpcxpresso_5.1.2_2065/lpcxpresso/tools/bin/../lib/gcc/arm-none-eabi/4.6.2/../../../../arm-none-eabi/lib/armv6-m\libcr_c.a(errno.o)
 .ARM.attributes
                0x0000052b       0x21 c:/nxp/lpcxpresso_5.1.2_2065/lpcxpresso/tools/bin/../lib/gcc/arm-none-eabi/4.6.2/armv6-m\libcr_eabihelpers.a(division.o)
 .ARM.attributes
                0x0000054c       0x21 c:/nxp/lpcxpresso_5.1.2_2065/lpcxpresso/tools/bin/../lib/gcc/arm-none-eabi/4.6.2/armv6-m\libcr_eabihelpers.a(memcpy.o)
 .ARM.attributes
                0x0000056d       0x31 c:/nxp/lpcxpresso_5.1.2_2065/lpcxpresso/tools/bin/../lib/gcc/arm-none-eabi/4.6.2/../../../../arm-none-eabi/lib/armv6-m\libcr_nohost.a(__sys_appexit.o)
 .ARM.attributes
                0x0000059e       0x31 c:/nxp/lpcxpresso_5.1.2_2065/lpcxpresso/tools/bin/../lib/gcc/arm-none-eabi/4.6.2/../../../../arm-none-eabi/lib/armv6-m\libcr_nohost.a(__sys_close.o)
 .ARM.attributes
                0x000005cf       0x31 c:/nxp/lpcxpresso_5.1.2_2065/lpcxpresso/tools/bin/../lib/gcc/arm-none-eabi/4.6.2/../../../../arm-none-eabi/lib/armv6-m\libcr_nohost.a(__sys_flen.o)
 .ARM.attributes
                0x00000600       0x31 c:/nxp/lpcxpresso_5.1.2_2065/lpcxpresso/tools/bin/../lib/gcc/arm-none-eabi/4.6.2/../../../../arm-none-eabi/lib/armv6-m\libcr_nohost.a(__sys_istty.o)
 .ARM.attributes
                0x00000631       0x31 c:/nxp/lpcxpresso_5.1.2_2065/lpcxpresso/tools/bin/../lib/gcc/arm-none-eabi/4.6.2/../../../../arm-none-eabi/lib/armv6-m\libcr_nohost.a(__sys_read.o)
 .ARM.attributes
                0x00000662       0x31 c:/nxp/lpcxpresso_5.1.2_2065/lpcxpresso/tools/bin/../lib/gcc/arm-none-eabi/4.6.2/../../../../arm-none-eabi/lib/armv6-m\libcr_nohost.a(__sys_readc.o)
 .ARM.attributes
                0x00000693       0x31 c:/nxp/lpcxpresso_5.1.2_2065/lpcxpresso/tools/bin/../lib/gcc/arm-none-eabi/4.6.2/../../../../arm-none-eabi/lib/armv6-m\libcr_nohost.a(__sys_remove.o)
 .ARM.attributes
                0x000006c4       0x31 c:/nxp/lpcxpresso_5.1.2_2065/lpcxpresso/tools/bin/../lib/gcc/arm-none-eabi/4.6.2/../../../../arm-none-eabi/lib/armv6-m\libcr_nohost.a(__sys_rename.o)
 .ARM.attributes
                0x000006f5       0x31 c:/nxp/lpcxpresso_5.1.2_2065/lpcxpresso/tools/bin/../lib/gcc/arm-none-eabi/4.6.2/../../../../arm-none-eabi/lib/armv6-m\libcr_nohost.a(__sys_seek.o)
 .ARM.attributes
                0x00000726       0x31 c:/nxp/lpcxpresso_5.1.2_2065/lpcxpresso/tools/bin/../lib/gcc/arm-none-eabi/4.6.2/../../../../arm-none-eabi/lib/armv6-m\libcr_nohost.a(__sys_tmpnam.o)
 .ARM.attributes
                0x00000757       0x31 c:/nxp/lpcxpresso_5.1.2_2065/lpcxpresso/tools/bin/../lib/gcc/arm-none-eabi/4.6.2/../../../../arm-none-eabi/lib/armv6-m\libcr_nohost.a(__sys_write.o)
 .ARM.attributes
                0x00000788       0x31 c:/nxp/lpcxpresso_5.1.2_2065/lpcxpresso/tools/bin/../lib/gcc/arm-none-eabi/4.6.2/../../../../arm-none-eabi/lib/armv6-m\libcr_nohost.a(_cr_sbrk.o)
 .ARM.attributes
                0x000007b9       0x31 c:/nxp/lpcxpresso_5.1.2_2065/lpcxpresso/tools/bin/../lib/gcc/arm-none-eabi/4.6.2/../../../../arm-none-eabi/lib/armv6-m\libcr_nohost.a(_cr_check_heap.o)

.debug_frame    0x00000000      0x384
 .debug_frame   0x00000000       0xd0 ./src/ButtonCon.o
 .debug_frame   0x000000d0       0xa4 ./src/PwmControl.o
 .debug_frame   0x00000174       0x2c ./src/SolderSplashLpc.o
 .debug_frame   0x000001a0       0xec ./src/cr_startup_lpc11u.o
 .debug_frame   0x0000028c       0xac ./src/main.o
 .debug_frame   0x00000338       0x4c Z:\SolderSplash\Software\example1\CMSISv2p00_LPC11Uxx\Debug\libCMSISv2p00_LPC11Uxx.a(system_LPC11Uxx.o)
